ARM Linker, 5.02 [Build 28] [MDK-ARM Standard]

==============================================================================

Section Cross References

    stm32f10x_gpio.o(.text) refers to stm32f10x_rcc.o(.text) for RCC_APB2PeriphResetCmd
    stm32f10x_gpio.o(.text) refers to stm32f10x_rcc.o(.text) for RCC_APB2PeriphResetCmd
    stm32f10x_rcc.o(.text) refers to stm32f10x_rcc.o(.data) for APBAHBPrescTable
    stm32f10x_rcc.o(.text) refers to stm32f10x_rcc.o(.text) for RCC_GetFlagStatus
    stm32f10x_tim.o(.text) refers to stm32f10x_rcc.o(.text) for RCC_APB2PeriphResetCmd
    stm32f10x_tim.o(.text) refers to stm32f10x_rcc.o(.text) for RCC_APB1PeriphResetCmd
    stm32f10x_tim.o(.text) refers to stm32f10x_tim.o(.text) for TI1_Config
    stm32f10x_tim.o(.text) refers to stm32f10x_tim.o(.text) for TIM_SetIC1Prescaler
    stm32f10x_tim.o(.text) refers to stm32f10x_tim.o(.text) for TIM_SetIC2Prescaler
    stm32f10x_tim.o(.text) refers to stm32f10x_tim.o(.text) for TIM_SetIC3Prescaler
    stm32f10x_tim.o(.text) refers to stm32f10x_tim.o(.text) for TIM_SetIC4Prescaler
    stm32f10x_tim.o(.text) refers to stm32f10x_tim.o(.text) for TI1_Config
    stm32f10x_tim.o(.text) refers to stm32f10x_tim.o(.text) for TIM_SetIC1Prescaler
    stm32f10x_tim.o(.text) refers to stm32f10x_tim.o(.text) for TIM_SetIC2Prescaler
    stm32f10x_tim.o(.text) refers to stm32f10x_tim.o(.text) for TIM_SelectInputTrigger
    stm32f10x_tim.o(.text) refers to stm32f10x_tim.o(.text) for TI2_Config
    stm32f10x_tim.o(.text) refers to stm32f10x_tim.o(.text) for TIM_SelectInputTrigger
    stm32f10x_tim.o(.text) refers to stm32f10x_tim.o(.text) for TIM_ETRConfig
    stm32f10x_tim.o(.text) refers to stm32f10x_tim.o(.text) for TIM_ETRConfig
    stm32f10x_usart.o(.text) refers to stm32f10x_rcc.o(.text) for RCC_APB2PeriphResetCmd
    stm32f10x_usart.o(.text) refers to stm32f10x_rcc.o(.text) for RCC_APB1PeriphResetCmd
    stm32f10x_usart.o(.text) refers to stm32f10x_rcc.o(.text) for RCC_GetClocksFreq
    stm32f10x_spi.o(.text) refers to stm32f10x_rcc.o(.text) for RCC_APB2PeriphResetCmd
    stm32f10x_spi.o(.text) refers to stm32f10x_rcc.o(.text) for RCC_APB1PeriphResetCmd
    stm32f10x_spi.o(.text) refers to stm32f10x_rcc.o(.text) for RCC_GetClocksFreq
    stm32f10x_flash.o(.text) refers to stm32f10x_flash.o(.text) for FLASH_GetBank1Status
    stm32f10x_flash.o(.text) refers to stm32f10x_flash.o(.text) for FLASH_WaitForLastOperation
    stm32f10x_flash.o(.text) refers to stm32f10x_flash.o(.text) for FLASH_WaitForLastOperation
    stm32f10x_flash.o(.text) refers to stm32f10x_flash.o(.text) for FLASH_GetBank1Status
    stm32f10x_flash.o(.text) refers to stm32f10x_flash.o(.text) for FLASH_WaitForLastBank1Operation
    stm32f10x_flash.o(.text) refers to stm32f10x_flash.o(.text) for FLASH_GetReadOutProtectionStatus
    stm32f10x_flash.o(.text) refers to stm32f10x_flash.o(.text) for FLASH_WaitForLastOperation
    stm32f10x_flash.o(.text) refers to stm32f10x_flash.o(.text) for FLASH_WaitForLastOperation
    stm32f10x_flash.o(.text) refers to stm32f10x_flash.o(.text) for FLASH_WaitForLastOperation
    stm32f10x_flash.o(.text) refers to stm32f10x_flash.o(.text) for FLASH_WaitForLastOperation
    stm32f10x_flash.o(.text) refers to stm32f10x_flash.o(.text) for FLASH_WaitForLastOperation
    stm32f10x_flash.o(.text) refers to stm32f10x_flash.o(.text) for FLASH_WaitForLastOperation
    stm32f10x_flash.o(.text) refers to stm32f10x_flash.o(.text) for FLASH_WaitForLastOperation
    stm32f10x_rtc.o(.text) refers to stm32f10x_rtc.o(.text) for RTC_EnterConfigMode
    stm32f10x_bkp.o(.text) refers to stm32f10x_rcc.o(.text) for RCC_BackupResetCmd
    stm32f10x_pwr.o(.text) refers to stm32f10x_rcc.o(.text) for RCC_APB1PeriphResetCmd
    stm32f10x_adc.o(.text) refers to stm32f10x_rcc.o(.text) for RCC_APB2PeriphResetCmd
    system_stm32f10x.o(.text) refers to system_stm32f10x.o(.data) for SystemCoreClock
    startup_stm32f10x_hd.o(RESET) refers to startup_stm32f10x_hd.o(STACK) for __initial_sp
    startup_stm32f10x_hd.o(RESET) refers to startup_stm32f10x_hd.o(.text) for Reset_Handler
    startup_stm32f10x_hd.o(RESET) refers to timer.o(.text) for TIM2_IRQHandler
    startup_stm32f10x_hd.o(.text) refers to system_stm32f10x.o(.text) for SystemInit
    startup_stm32f10x_hd.o(.text) refers to entry.o(.ARM.Collect$$$$00000000) for __main
    app.o(.text) refers to stm32f10x_iwdg.o(.text) for IWDG_ReloadCounter
    app.o(.text) refers to delay.o(.text) for SystemTick_Init
    app.o(.text) refers to stm32f10x_rcc.o(.text) for RCC_APB2PeriphClockCmd
    app.o(.text) refers to nvic.o(.text) for NVIC_Configuration
    app.o(.text) refers to oled.o(.text) for SPI2_Init
    app.o(.text) refers to sw-key.o(.text) for Init_Sw_Key_Io
    app.o(.text) refers to rtc_time.o(.text) for RTC_Configuration
    app.o(.text) refers to flash.o(.text) for SPI_Flash_Init
    app.o(.text) refers to printf1.o(i.__0printf$1) for __2printf
    app.o(.text) refers to app.o(.constdata) for TEXT_Buffer
[...]
    li_power.o(.text) refers to stm32f10x_adc.o(.text) for ADC_GetResetCalibrationStatus
    li_power.o(.text) refers to stm32f10x_adc.o(.text) for ADC_StartCalibration
    li_power.o(.text) refers to stm32f10x_adc.o(.text) for ADC_GetCalibrationStatus
    li_power.o(.text) refers to stm32f10x_adc.o(.text) for ADC_SoftwareStartConvCmd
    li_power.o(.text) refers to stm32f10x_adc.o(.text) for ADC_GetConversionValue
    li_power.o(.text) refers to app.o(.text) for Clear_WDT
    li_power.o(.text) refers to li_power.o(.bss) for battery
    li_power.o(.text) refers to li_power.o(.data) for batt_inc
    oled.o(.text) refers to stm32f10x_gpio.o(.text) for GPIO_SetBits
    oled.o(.text) refers to oled.o(.bss) for OLED_GRAM
    oled.o(.text) refers to oled.o(.constdata) for HZ
    oled.o(.text) refers to delay.o(.text) for delay_ms
    oled.o(.text) refers to sw-key.o(.text) for Init_KeyNumuber
    oled.o(.text) refers to oled.o(.data) for f_CurSel
    oled.o(.text) refers to globle_var.o(.data) for guanjiflag
    oled.o(.text) refers to strcmp.o(.text) for strcmp
    oled.o(.text) refers to strcpy.o(.text) for strcpy
    oled.o(.text) refers to timer.o(.text) for SetTimer
    oled.o(.text) refers to app.o(.data) for Rfid_Buff
    oled.o(.text) refers to stm32f10x_rcc.o(.text) for RCC_APB2PeriphClockCmd
    oled.o(.text) refers to stm32f10x_spi.o(.text) for SPI_Init
    oled.o(.text) refers to delay.o(.text) for delay_ms
    oled.o(.text) refers to oled.o(.text) for OLED_Clear
    oled.o(.text) refers to sw-key.o(.text) for Init_KeyNumuber
    oled.o(.text) refers to oled.o(.constdata) for OPEN
    oled.o(.text) refers to oled.o(.data) for f_CurSel
    oled.o(.text) refers to oled.o(.text) for Choose_MenuOp4_2
    oled.o(.text) refers to oled.o(.text) for OLED_DrawPoint
    oled.o(.text) refers to oled.o(.text) for OLED_Fill
    oled.o(.text) refers to oled.o(.text) for oled_pow
    oled.o(.text) refers to oled.o(.text) for OLED_ShowChar
    oled.o(.text) refers to oled.o(.text) for OLED_ShowNum
    oled.o(.text) refers to oled.o(.text) for OLED_Clear
    oled.o(.text) refers to oled.o(.text) for DisplayNumber
    oled.o(.text) refers to oled.o(.data) for zuming
    oled.o(.text) refers to rtc_time.o(.text) for read_time
    oled.o(.text) refers to oled.o(.text) for apoint_place_write
    oled.o(.text) refers to globle_var.o(.data) for time_buff
    oled.o(.text) refers to oled.o(.bss) for lcd_buf2
    oled.o(.text) refers to oled.o(.text) for OLED_DrawPoint
    oled.o(.constdata) refers to oled.o(.text) for tool_menu
    flash.o(.text) refers to spi.o(.text) for SPIx_Init
    flash.o(.text) refers to flash.o(.bss) for SPI_FLASH_BUF
    flash.o(.text) refers to spi.o(.text) for SPIx_ReadWriteByte
    flash.o(.text) refers to spi.o(.text) for SPIx_ReadWriteByte
    flash.o(.text) refers to flash.o(.text) for SPI_FLASH_Write_Enable
    flash.o(.text) refers to spi.o(.text) for SPIx_ReadWriteByte
    flash.o(.text) refers to spi.o(.text) for SPIx_ReadWriteByte
    flash.o(.text) refers to delay.o(.text) for delay_us
    flash.o(.text) refers to spi.o(.text) for SPIx_ReadWriteByte
    flash.o(.text) refers to delay.o(.text) for delay_us
    sys.o(.text) refers to sys.o(.emb_text) for WFI_SET
    entry.o(.ARM.Collect$$$$00000000) refers (Special) to entry7b.o(.ARM.Collect$$$$00000008) for _main_clock
    entry.o(.ARM.Collect$$$$00000000) refers (Special) to entry8.o(.ARM.Collect$$$$00000009) for _main_init
    entry.o(.ARM.Collect$$$$00000000) refers (Special) to entry5.o(.ARM.Collect$$$$00000004) for _main_scatterload
    entry.o(.ARM.Collect$$$$00000000) refers (Special) to entry2.o(.ARM.Collect$$$$00000001) for _main_stk
    printfb.o(i.__0fprintf$bare) refers to printfb.o(i._printf_core) for _printf_core
    printfb.o(i.__0fprintf$bare) refers to usart.o(.text) for fputc
    printfb.o(i.__0printf$bare) refers to printfb.o(i._printf_core) for _printf_core
    printfb.o(i.__0printf$bare) refers to usart.o(.text) for fputc
    printfb.o(i.__0printf$bare) refers to stdout.o(.data) for __stdout
    printfb.o(i.__0snprintf$bare) refers to printfb.o(i._printf_core) for _printf_core
    printfb.o(i.__0snprintf$bare) refers to printfb.o(i._snputc) for _snputc
    printfb.o(i.__0sprintf$bare) refers to printfb.o(i._printf_core) for _printf_core
    printfb.o(i.__0sprintf$bare) refers to printfb.o(i._sputc) for _sputc
    printfb.o(i.__0vfprintf$bare) refers to printfb.o(i._printf_core) for _printf_core
    printfb.o(i.__0vfprintf$bare) refers to usart.o(.text) for fputc
    printfb.o(i.__0vprintf$bare) refers to printfb.o(i._printf_core) for _printf_core
    printfb.o(i.__0vprintf$bare) refers to usart.o(.text) for fputc
    printfb.o(i.__0vprintf$bare) refers to stdout.o(.data) for __stdout
    printfb.o(i.__0vsnprintf$bare) refers to printfb.o(i._printf_core) for _printf_core
    printfb.o(i.__0vsnprintf$bare) refers to printfb.o(i._snputc) for _snputc
    printfb.o(i.__0vsprintf$bare) refers to printfb.o(i._printf_core) for _printf_core
    printfb.o(i.__0vsprintf$bare) refers to printfb.o(i._sputc) for _sputc
    printf0.o(i.__0fprintf$0) refers to printf0.o(i._printf_core) for _printf_core
    printf0.o(i.__0fprintf$0) refers to usart.o(.text) for fputc
    printf0.o(i.__0printf$0) refers to printf0.o(i._printf_core) for _printf_core
    printf0.o(i.__0printf$0) refers to usart.o(.text) for fputc
    printf0.o(i.__0printf$0) refers to stdout.o(.data) for __stdout
    printf0.o(i.__0snprintf$0) refers to printf0.o(i._printf_core) for _printf_core
    printf0.o(i.__0snprintf$0) refers to printf0.o(i._snputc) for _snputc
    printf0.o(i.__0sprintf$0) refers to printf0.o(i._printf_core) for _printf_core
    printf0.o(i.__0sprintf$0) refers to printf0.o(i._sputc) for _sputc
    printf0.o(i.__0vfprintf$0) refers to printf0.o(i._printf_core) for _printf_core
    printf0.o(i.__0vfprintf$0) refers to usart.o(.text) for fputc
    printf0.o(i.__0vprintf$0) refers to printf0.o(i._printf_core) for _printf_core
    printf0.o(i.__0vprintf$0) refers to usart.o(.text) for fputc
    printf0.o(i.__0vprintf$0) refers to stdout.o(.data) for __stdout
    printf0.o(i.__0vsnprintf$0) refers to printf0.o(i._printf_core) for _printf_core
    printf0.o(i.__0vsnprintf$0) refers to printf0.o(i._snputc) for _snputc
    printf0.o(i.__0vsprintf$0) refers to printf0.o(i._printf_core) for _printf_core
    printf0.o(i.__0vsprintf$0) refers to printf0.o(i._sputc) for _sputc
    printf1.o(i.__0fprintf$1) refers to printf1.o(i._printf_core) for _printf_core
    printf1.o(i.__0fprintf$1) refers to usart.o(.text) for fputc
    printf1.o(i.__0printf$1) refers to printf1.o(i._printf_core) for _printf_core
    printf1.o(i.__0printf$1) refers to usart.o(.text) for fputc
    printf1.o(i.__0printf$1) refers to stdout.o(.data) for __stdout
    printf1.o(i.__0snprintf$1) refers to printf1.o(i._printf_core) for _printf_core
    printf1.o(i.__0snprintf$1) refers to printf1.o(i._snputc) for _snputc
    printf1.o(i.__0sprintf$1) refers to printf1.o(i._printf_core) for _printf_core
    printf1.o(i.__0sprintf$1) refers to printf1.o(i._sputc) for _sputc
    printf1.o(i.__0vfprintf$1) refers to printf1.o(i._printf_core) for _printf_core
    printf1.o(i.__0vfprintf$1) refers to usart.o(.text) for fputc
    printf1.o(i.__0vprintf$1) refers to printf1.o(i._printf_core) for _printf_core
    printf1.o(i.__0vprintf$1) refers to usart.o(.text) for fputc
    printf1.o(i.__0vprintf$1) refers to stdout.o(.data) for __stdout
    printf1.o(i.__0vsnprintf$1) refers to printf1.o(i._printf_core) for _printf_core
    printf1.o(i.__0vsnprintf$1) refers to printf1.o(i._snputc) for _snputc
    printf1.o(i.__0vsprintf$1) refers to printf1.o(i._printf_core) for _printf_core
    printf1.o(i.__0vsprintf$1) refers to printf1.o(i._sputc) for _sputc
    printf1.o(i._printf_core) refers to uidiv.o(.text) for __aeabi_uidivmod
    printf2.o(i.__0fprintf$2) refers to printf2.o(i._printf_core) for _printf_core
    printf2.o(i.__0fprintf$2) refers to usart.o(.text) for fputc
    printf2.o(i.__0printf$2) refers to printf2.o(i._printf_core) for _printf_core
    printf2.o(i.__0printf$2) refers to usart.o(.text) for fputc
    printf2.o(i.__0printf$2) refers to stdout.o(.data) for __stdout
    printf2.o(i.__0snprintf$2) refers to printf2.o(i._printf_core) for _printf_core
    printf2.o(i.__0snprintf$2) refers to printf2.o(i._snputc) for _snputc
    printf2.o(i.__0sprintf$2) refers to printf2.o(i._printf_core) for _printf_core
    printf2.o(i.__0sprintf$2) refers to printf2.o(i._sputc) for _sputc
    printf2.o(i.__0vfprintf$2) refers to printf2.o(i._printf_core) for _printf_core
    printf2.o(i.__0vfprintf$2) refers to usart.o(.text) for fputc
    printf2.o(i.__0vprintf$2) refers to printf2.o(i._printf_core) for _printf_core
    printf2.o(i.__0vprintf$2) refers to usart.o(.text) for fputc
    printf2.o(i.__0vprintf$2) refers to stdout.o(.data) for __stdout
    printf2.o(i.__0vsnprintf$2) refers to printf2.o(i._printf_core) for _printf_core
    printf2.o(i.__0vsnprintf$2) refers to printf2.o(i._snputc) for _snputc
    printf2.o(i.__0vsprintf$2) refers to printf2.o(i._printf_core) for _printf_core
    printf2.o(i.__0vsprintf$2) refers to printf2.o(i._sputc) for _sputc
    printf3.o(i.__0fprintf$3) refers to printf3.o(i._printf_core) for _printf_core
    printf3.o(i.__0fprintf$3) refers to usart.o(.text) for fputc
    printf3.o(i.__0printf$3) refers to printf3.o(i._printf_core) for _printf_core
    printf3.o(i.__0printf$3) refers to usart.o(.text) for fputc
    printf3.o(i.__0printf$3) refers to stdout.o(.data) for __stdout
    printf3.o(i.__0snprintf$3) refers to printf3.o(i._printf_core) for _printf_core
    printf3.o(i.__0snprintf$3) refers to printf3.o(i._snputc) for _snputc
    printf3.o(i.__0sprintf$3) refers to printf3.o(i._printf_core) for _printf_core
    printf3.o(i.__0sprintf$3) refers to printf3.o(i._sputc) for _sputc
    printf3.o(i.__0vfprintf$3) refers to printf3.o(i._printf_core) for _printf_core
    printf3.o(i.__0vfprintf$3) refers to usart.o(.text) for fputc
    printf3.o(i.__0vprintf$3) refers to printf3.o(i._printf_core) for _printf_core
    printf3.o(i.__0vprintf$3) refers to usart.o(.text) for fputc
    printf3.o(i.__0vprintf$3) refers to stdout.o(.data) for __stdout
    printf3.o(i.__0vsnprintf$3) refers to printf3.o(i._printf_core) for _printf_core
    printf3.o(i.__0vsnprintf$3) refers to printf3.o(i._snputc) for _snputc
    printf3.o(i.__0vsprintf$3) refers to printf3.o(i._printf_core) for _printf_core
    printf3.o(i.__0vsprintf$3) refers to printf3.o(i._sputc) for _sputc
    printf3.o(i._printf_core) refers to uidiv.o(.text) for __aeabi_uidivmod
    printf4.o(i.__0fprintf$4) refers to printf4.o(i._printf_core) for _printf_core
    printf4.o(i.__0fprintf$4) refers to usart.o(.text) for fputc
    printf4.o(i.__0printf$4) refers to printf4.o(i._printf_core) for _printf_core
    printf4.o(i.__0printf$4) refers to usart.o(.text) for fputc
    printf4.o(i.__0printf$4) refers to stdout.o(.data) for __stdout
    printf4.o(i.__0snprintf$4) refers to printf4.o(i._printf_core) for _printf_core
    printf4.o(i.__0snprintf$4) refers to printf4.o(i._snputc) for _snputc
    printf4.o(i.__0sprintf$4) refers to printf4.o(i._printf_core) for _printf_core
    printf4.o(i.__0sprintf$4) refers to printf4.o(i._sputc) for _sputc
    printf4.o(i.__0vfprintf$4) refers to printf4.o(i._printf_core) for _printf_core
    printf4.o(i.__0vfprintf$4) refers to usart.o(.text) for fputc
    printf4.o(i.__0vprintf$4) refers to printf4.o(i._printf_core) for _printf_core
    printf4.o(i.__0vprintf$4) refers to usart.o(.text) for fputc
    printf4.o(i.__0vprintf$4) refers to stdout.o(.data) for __stdout
    printf4.o(i.__0vsnprintf$4) refers to printf4.o(i._printf_core) for _printf_core
    printf4.o(i.__0vsnprintf$4) refers to printf4.o(i._snputc) for _snputc
    printf4.o(i.__0vsprintf$4) refers to printf4.o(i._printf_core) for _printf_core
    printf4.o(i.__0vsprintf$4) refers to printf4.o(i._sputc) for _sputc
    printf4.o(i._printf_core) refers to uldiv.o(.text) for __aeabi_uldivmod
    printf5.o(i.__0fprintf$5) refers to printf5.o(i._printf_core) for _printf_core
    printf5.o(i.__0fprintf$5) refers to usart.o(.text) for fputc
    printf5.o(i.__0printf$5) refers to printf5.o(i._printf_core) for _printf_core
    printf5.o(i.__0printf$5) refers to usart.o(.text) for fputc
    printf5.o(i.__0printf$5) refers to stdout.o(.data) for __stdout
    printf5.o(i.__0snprintf$5) refers to printf5.o(i._printf_core) for _printf_core
    printf5.o(i.__0snprintf$5) refers to printf5.o(i._snputc) for _snputc
    printf5.o(i.__0sprintf$5) refers to printf5.o(i._printf_core) for _printf_core
    printf5.o(i.__0sprintf$5) refers to printf5.o(i._sputc) for _sputc
    printf5.o(i.__0vfprintf$5) refers to printf5.o(i._printf_core) for _printf_core
    printf5.o(i.__0vfprintf$5) refers to usart.o(.text) for fputc
    printf5.o(i.__0vprintf$5) refers to printf5.o(i._printf_core) for _printf_core
    printf5.o(i.__0vprintf$5) refers to usart.o(.text) for fputc
    printf5.o(i.__0vprintf$5) refers to stdout.o(.data) for __stdout
    printf5.o(i.__0vsnprintf$5) refers to printf5.o(i._printf_core) for _printf_core
    printf5.o(i.__0vsnprintf$5) refers to printf5.o(i._snputc) for _snputc
    printf5.o(i.__0vsprintf$5) refers to printf5.o(i._printf_core) for _printf_core
    printf5.o(i.__0vsprintf$5) refers to printf5.o(i._sputc) for _sputc
    printf5.o(i._printf_core) refers to uldiv.o(.text) for __aeabi_uldivmod
    printf6.o(i.__0fprintf$6) refers to printf6.o(i._printf_core) for _printf_core
    printf6.o(i.__0fprintf$6) refers to usart.o(.text) for fputc
    printf6.o(i.__0printf$6) refers to printf6.o(i._printf_core) for _printf_core
    printf6.o(i.__0printf$6) refers to usart.o(.text) for fputc
    printf6.o(i.__0printf$6) refers to stdout.o(.data) for __stdout
    printf6.o(i.__0snprintf$6) refers to printf6.o(i._printf_core) for _printf_core
    printf6.o(i.__0snprintf$6) refers to printf6.o(i._snputc) for _snputc
    printf6.o(i.__0sprintf$6) refers to printf6.o(i._printf_core) for _printf_core
    printf6.o(i.__0sprintf$6) refers to printf6.o(i._sputc) for _sputc
    printf6.o(i.__0vfprintf$6) refers to printf6.o(i._printf_core) for _printf_core
    printf6.o(i.__0vfprintf$6) refers to usart.o(.text) for fputc
    printf6.o(i.__0vprintf$6) refers to printf6.o(i._printf_core) for _printf_core
    printf6.o(i.__0vprintf$6) refers to usart.o(.text) for fputc
    printf6.o(i.__0vprintf$6) refers to stdout.o(.data) for __stdout
    printf6.o(i.__0vsnprintf$6) refers to printf6.o(i._printf_core) for _printf_core
    printf6.o(i.__0vsnprintf$6) refers to printf6.o(i._snputc) for _snputc
    printf6.o(i.__0vsprintf$6) refers to printf6.o(i._printf_core) for _printf_core
    printf6.o(i.__0vsprintf$6) refers to printf6.o(i._sputc) for _sputc
    printf6.o(i._printf_core) refers to printf6.o(i._printf_pre_padding) for _printf_pre_padding
    printf6.o(i._printf_core) refers to uidiv.o(.text) for __aeabi_uidivmod
    printf6.o(i._printf_core) refers to printf6.o(i._printf_post_padding) for _printf_post_padding
    printf7.o(i.__0fprintf$7) refers to printf7.o(i._printf_core) for _printf_core
    printf7.o(i.__0fprintf$7) refers to usart.o(.text) for fputc
    printf7.o(i.__0printf$7) refers to printf7.o(i._printf_core) for _printf_core
    printf7.o(i.__0printf$7) refers to usart.o(.text) for fputc
    printf7.o(i.__0printf$7) refers to stdout.o(.data) for __stdout
    printf7.o(i.__0snprintf$7) refers to printf7.o(i._printf_core) for _printf_core
    printf7.o(i.__0snprintf$7) refers to printf7.o(i._snputc) for _snputc
    printf7.o(i.__0sprintf$7) refers to printf7.o(i._printf_core) for _printf_core
    printf7.o(i.__0sprintf$7) refers to printf7.o(i._sputc) for _sputc
    printf7.o(i.__0vfprintf$7) refers to printf7.o(i._printf_core) for _printf_core
    printf7.o(i.__0vfprintf$7) refers to usart.o(.text) for fputc
    printf7.o(i.__0vprintf$7) refers to printf7.o(i._printf_core) for _printf_core
    printf7.o(i.__0vprintf$7) refers to usart.o(.text) for fputc
    printf7.o(i.__0vprintf$7) refers to stdout.o(.data) for __stdout
    printf7.o(i.__0vsnprintf$7) refers to printf7.o(i._printf_core) for _printf_core
    printf7.o(i.__0vsnprintf$7) refers to printf7.o(i._snputc) for _snputc
    printf7.o(i.__0vsprintf$7) refers to printf7.o(i._printf_core) for _printf_core
    printf7.o(i.__0vsprintf$7) refers to printf7.o(i._sputc) for _sputc
    printf7.o(i._printf_core) refers to printf7.o(i._printf_pre_padding) for _printf_pre_padding
    printf7.o(i._printf_core) refers to uldiv.o(.text) for __aeabi_uldivmod
    printf7.o(i._printf_core) refers to printf7.o(i._printf_post_padding) for _printf_post_padding
    printf8.o(i.__0fprintf$8) refers to printf8.o(i._printf_core) for _printf_core
    printf8.o(i.__0fprintf$8) refers to usart.o(.text) for fputc
    printf8.o(i.__0printf$8) refers to printf8.o(i._printf_core) for _printf_core
    printf8.o(i.__0printf$8) refers to usart.o(.text) for fputc
    printf8.o(i.__0printf$8) refers to stdout.o(.data) for __stdout
    printf8.o(i.__0snprintf$8) refers to printf8.o(i._printf_core) for _printf_core
    printf8.o(i.__0snprintf$8) refers to printf8.o(i._snputc) for _snputc
    printf8.o(i.__0sprintf$8) refers to printf8.o(i._printf_core) for _printf_core
    printf8.o(i.__0sprintf$8) refers to printf8.o(i._sputc) for _sputc
    printf8.o(i.__0vfprintf$8) refers to printf8.o(i._printf_core) for _printf_core
    printf8.o(i.__0vfprintf$8) refers to usart.o(.text) for fputc
    printf8.o(i.__0vprintf$8) refers to printf8.o(i._printf_core) for _printf_core
    printf8.o(i.__0vprintf$8) refers to usart.o(.text) for fputc
    printf8.o(i.__0vprintf$8) refers to stdout.o(.data) for __stdout
    printf8.o(i.__0vsnprintf$8) refers to printf8.o(i._printf_core) for _printf_core
    printf8.o(i.__0vsnprintf$8) refers to printf8.o(i._snputc) for _snputc
    printf8.o(i.__0vsprintf$8) refers to printf8.o(i._printf_core) for _printf_core
    printf8.o(i.__0vsprintf$8) refers to printf8.o(i._sputc) for _sputc
    printf8.o(i._printf_core) refers to printf8.o(i._printf_pre_padding) for _printf_pre_padding
    printf8.o(i._printf_core) refers to uldiv.o(.text) for __aeabi_uldivmod
    printf8.o(i._printf_core) refers to printf8.o(i._printf_post_padding) for _printf_post_padding
    printfa.o(i.__0fprintf) refers (Special) to iusefp.o(.text) for __I$use$fp
    printfa.o(i.__0fprintf) refers to printfa.o(i._printf_core) for _printf_core
    printfa.o(i.__0fprintf) refers to usart.o(.text) for fputc
    printfa.o(i.__0printf) refers (Special) to iusefp.o(.text) for __I$use$fp
    printfa.o(i.__0printf) refers to printfa.o(i._printf_core) for _printf_core
    printfa.o(i.__0printf) refers to usart.o(.text) for fputc
    printfa.o(i.__0printf) refers to stdout.o(.data) for __stdout
    printfa.o(i.__0snprintf) refers (Special) to iusefp.o(.text) for __I$use$fp
    printfa.o(i.__0snprintf) refers to printfa.o(i._printf_core) for _printf_core
    printfa.o(i.__0snprintf) refers to printfa.o(i._snputc) for _snputc
    printfa.o(i.__0sprintf) refers (Special) to iusefp.o(.text) for __I$use$fp
    printfa.o(i.__0sprintf) refers to printfa.o(i._printf_core) for _printf_core
    printfa.o(i.__0sprintf) refers to printfa.o(i._sputc) for _sputc
    printfa.o(i.__0vfprintf) refers (Special) to iusefp.o(.text) for __I$use$fp
    printfa.o(i.__0vfprintf) refers to printfa.o(i._printf_core) for _printf_core
    printfa.o(i.__0vfprintf) refers to usart.o(.text) for fputc
    printfa.o(i.__0vprintf) refers (Special) to iusefp.o(.text) for __I$use$fp
    printfa.o(i.__0vprintf) refers to printfa.o(i._printf_core) for _printf_core
    printfa.o(i.__0vprintf) refers to usart.o(.text) for fputc
    printfa.o(i.__0vprintf) refers to stdout.o(.data) for __stdout
    printfa.o(i.__0vsnprintf) refers (Special) to iusefp.o(.text) for __I$use$fp
    printfa.o(i.__0vsnprintf) refers to printfa.o(i._printf_core) for _printf_core
    printfa.o(i.__0vsnprintf) refers to printfa.o(i._snputc) for _snputc
    printfa.o(i.__0vsprintf) refers (Special) to iusefp.o(.text) for __I$use$fp
    printfa.o(i.__0vsprintf) refers to printfa.o(i._printf_core) for _printf_core
    printfa.o(i.__0vsprintf) refers to printfa.o(i._sputc) for _sputc
    printfa.o(i._fp_digits) refers (Special) to iusefp.o(.text) for __I$use$fp
    printfa.o(i._fp_digits) refers to dmul.o(.text) for __aeabi_dmul
    printfa.o(i._fp_digits) refers to ddiv.o(.text) for __aeabi_ddiv
    printfa.o(i._fp_digits) refers to cdrcmple.o(.text) for __aeabi_cdrcmple
    printfa.o(i._fp_digits) refers to dadd.o(.text) for __aeabi_dadd
    printfa.o(i._fp_digits) refers to dfixul.o(.text) for __aeabi_d2ulz
    printfa.o(i._fp_digits) refers to uldiv.o(.text) for __aeabi_uldivmod
    printfa.o(i._printf_core) refers (Special) to iusefp.o(.text) for __I$use$fp
    printfa.o(i._printf_core) refers to printfa.o(i._printf_pre_padding) for _printf_pre_padding
    printfa.o(i._printf_core) refers to uldiv.o(.text) for __aeabi_uldivmod
    printfa.o(i._printf_core) refers to printfa.o(i._printf_post_padding) for _printf_post_padding
    printfa.o(i._printf_core) refers to printfa.o(i._fp_digits) for _fp_digits
    printfa.o(i._printf_core) refers to uidiv.o(.text) for __aeabi_uidivmod
    printfa.o(i._printf_post_padding) refers (Special) to iusefp.o(.text) for __I$use$fp
    printfa.o(i._printf_pre_padding) refers (Special) to iusefp.o(.text) for __I$use$fp
    printfa.o(i._snputc) refers (Special) to iusefp.o(.text) for __I$use$fp
    printfa.o(i._sputc) refers (Special) to iusefp.o(.text) for __I$use$fp
    entry2.o(.ARM.Collect$$$$00000001) refers to entry2.o(.ARM.Collect$$$$00002712) for __lit__00000000
    entry2.o(.ARM.Collect$$$$00002712) refers to startup_stm32f10x_hd.o(STACK) for __initial_sp
    entry2.o(__vectab_stack_and_reset_area) refers to startup_stm32f10x_hd.o(STACK) for __initial_sp
    entry2.o(__vectab_stack_and_reset_area) refers to entry.o(.ARM.Collect$$$$00000000) for __main
    entry5.o(.ARM.Collect$$$$00000004) refers to init.o(.text) for __scatterload
    entry8.o(.ARM.Collect$$$$00000009) refers to app.o(.text) for main
    uldiv.o(.text) refers to llushr.o(.text) for __aeabi_llsr
    uldiv.o(.text) refers to llshl.o(.text) for __aeabi_llsl
    dadd.o(.text) refers to llshl.o(.text) for __aeabi_llsl
    dadd.o(.text) refers to llsshr.o(.text) for __aeabi_lasr
    dadd.o(.text) refers to depilogue.o(.text) for _double_epilogue
    dmul.o(.text) refers to depilogue.o(.text) for _double_epilogue
    ddiv.o(.text) refers to depilogue.o(.text) for _double_round
    dfixul.o(.text) refers to llushr.o(.text) for __aeabi_llsr
    dfixul.o(.text) refers to llshl.o(.text) for __aeabi_llsl
    init.o(.text) refers to entry5.o(.ARM.Collect$$$$00000004) for __main_after_scatterload
    depilogue.o(.text) refers to llshl.o(.text) for __aeabi_llsl
    depilogue.o(.text) refers to llushr.o(.text) for __aeabi_llsr


==============================================================================

Removing Unused input sections from the image.

    Removing misc.o(.text), (20 bytes).
    Removing misc.o(.text), (32 bytes).
    Removing misc.o(.text), (40 bytes).
    Removing stm32f10x_gpio.o(.text), (200 bytes).
    Removing stm32f10x_gpio.o(.text), (20 bytes).
    Removing stm32f10x_gpio.o(.text), (16 bytes).
    Removing stm32f10x_gpio.o(.text), (18 bytes).
    Removing stm32f10x_gpio.o(.text), (8 bytes).
    Removing stm32f10x_gpio.o(.text), (18 bytes).
    Removing stm32f10x_gpio.o(.text), (8 bytes).
    Removing stm32f10x_gpio.o(.text), (10 bytes).
    Removing stm32f10x_gpio.o(.text), (4 bytes).
    Removing stm32f10x_gpio.o(.text), (18 bytes).
    Removing stm32f10x_gpio.o(.text), (32 bytes).
    Removing stm32f10x_gpio.o(.text), (12 bytes).
    Removing stm32f10x_gpio.o(.text), (144 bytes).
    Removing stm32f10x_gpio.o(.text), (64 bytes).
    Removing stm32f10x_gpio.o(.text), (12 bytes).
    Removing stm32f10x_rcc.o(.text), (76 bytes).
    Removing stm32f10x_rcc.o(.text), (76 bytes).
    Removing stm32f10x_rcc.o(.text), (48 bytes).
    Removing stm32f10x_rcc.o(.text), (24 bytes).
    Removing stm32f10x_rcc.o(.text), (12 bytes).
    Removing stm32f10x_rcc.o(.text), (28 bytes).
    Removing stm32f10x_rcc.o(.text), (12 bytes).
    Removing stm32f10x_rcc.o(.text), (24 bytes).
    Removing stm32f10x_rcc.o(.text), (16 bytes).
    Removing stm32f10x_rcc.o(.text), (24 bytes).
    Removing stm32f10x_rcc.o(.text), (24 bytes).
    Removing stm32f10x_rcc.o(.text), (24 bytes).
    Removing stm32f10x_rcc.o(.text), (32 bytes).
    Removing stm32f10x_rcc.o(.text), (12 bytes).
    Removing stm32f10x_rcc.o(.text), (24 bytes).
    Removing stm32f10x_rcc.o(.text), (12 bytes).
    Removing stm32f10x_rcc.o(.text), (32 bytes).
    Removing stm32f10x_rcc.o(.text), (32 bytes).
    Removing stm32f10x_rcc.o(.text), (32 bytes).
    Removing stm32f10x_rcc.o(.text), (12 bytes).
    Removing stm32f10x_rcc.o(.text), (12 bytes).
    Removing stm32f10x_rcc.o(.text), (12 bytes).
    Removing stm32f10x_rcc.o(.text), (24 bytes).
    Removing stm32f10x_rcc.o(.text), (12 bytes).
    Removing stm32f10x_tim.o(.text), (488 bytes).
    Removing stm32f10x_tim.o(.text), (164 bytes).
    Removing stm32f10x_tim.o(.text), (152 bytes).
    Removing stm32f10x_tim.o(.text), (164 bytes).
    Removing stm32f10x_tim.o(.text), (160 bytes).
    Removing stm32f10x_tim.o(.text), (124 bytes).
    Removing stm32f10x_tim.o(.text), (26 bytes).
    Removing stm32f10x_tim.o(.text), (18 bytes).
    Removing stm32f10x_tim.o(.text), (26 bytes).
    Removing stm32f10x_tim.o(.text), (18 bytes).
    Removing stm32f10x_tim.o(.text), (172 bytes).
    Removing stm32f10x_tim.o(.text), (124 bytes).
    Removing stm32f10x_tim.o(.text), (32 bytes).
    Removing stm32f10x_tim.o(.text), (18 bytes).
    Removing stm32f10x_tim.o(.text), (20 bytes).
    Removing stm32f10x_tim.o(.text), (18 bytes).
    Removing stm32f10x_tim.o(.text), (18 bytes).
    Removing stm32f10x_tim.o(.text), (30 bytes).
    Removing stm32f10x_tim.o(.text), (4 bytes).
    Removing stm32f10x_tim.o(.text), (10 bytes).
    Removing stm32f10x_tim.o(.text), (18 bytes).
    Removing stm32f10x_tim.o(.text), (12 bytes).
    Removing stm32f10x_tim.o(.text), (18 bytes).
    Removing stm32f10x_tim.o(.text), (24 bytes).
    Removing stm32f10x_tim.o(.text), (62 bytes).
    Removing stm32f10x_tim.o(.text), (28 bytes).
    Removing stm32f10x_tim.o(.text), (54 bytes).
    Removing stm32f10x_tim.o(.text), (32 bytes).
    Removing stm32f10x_tim.o(.text), (6 bytes).
    Removing stm32f10x_tim.o(.text), (18 bytes).
    Removing stm32f10x_tim.o(.text), (66 bytes).
    Removing stm32f10x_tim.o(.text), (18 bytes).
    Removing stm32f10x_tim.o(.text), (26 bytes).
    Removing stm32f10x_tim.o(.text), (18 bytes).
    Removing stm32f10x_tim.o(.text), (26 bytes).
    Removing stm32f10x_tim.o(.text), (24 bytes).
    Removing stm32f10x_tim.o(.text), (24 bytes).
    Removing stm32f10x_tim.o(.text), (24 bytes).
    Removing stm32f10x_tim.o(.text), (24 bytes).
    Removing stm32f10x_tim.o(.text), (18 bytes).
    Removing stm32f10x_tim.o(.text), (26 bytes).
    Removing stm32f10x_tim.o(.text), (18 bytes).
    Removing stm32f10x_tim.o(.text), (26 bytes).
    Removing stm32f10x_tim.o(.text), (18 bytes).
    Removing stm32f10x_tim.o(.text), (26 bytes).
    Removing stm32f10x_tim.o(.text), (18 bytes).
    Removing stm32f10x_tim.o(.text), (26 bytes).
    Removing stm32f10x_tim.o(.text), (18 bytes).
    Removing stm32f10x_tim.o(.text), (24 bytes).
    Removing stm32f10x_tim.o(.text), (18 bytes).
    Removing stm32f10x_tim.o(.text), (24 bytes).
    Removing stm32f10x_tim.o(.text), (18 bytes).
    Removing stm32f10x_tim.o(.text), (18 bytes).
    Removing stm32f10x_tim.o(.text), (26 bytes).
    Removing stm32f10x_tim.o(.text), (26 bytes).
    Removing stm32f10x_tim.o(.text), (26 bytes).
    Removing stm32f10x_tim.o(.text), (26 bytes).
    Removing stm32f10x_tim.o(.text), (26 bytes).
    Removing stm32f10x_tim.o(.text), (30 bytes).
    Removing stm32f10x_tim.o(.text), (30 bytes).
    Removing stm32f10x_tim.o(.text), (82 bytes).
    Removing stm32f10x_tim.o(.text), (24 bytes).
    Removing stm32f10x_tim.o(.text), (24 bytes).
    Removing stm32f10x_tim.o(.text), (24 bytes).
    Removing stm32f10x_tim.o(.text), (18 bytes).
    Removing stm32f10x_tim.o(.text), (18 bytes).
    Removing stm32f10x_tim.o(.text), (18 bytes).
    Removing stm32f10x_tim.o(.text), (18 bytes).
    Removing stm32f10x_tim.o(.text), (4 bytes).
    Removing stm32f10x_tim.o(.text), (4 bytes).
    Removing stm32f10x_tim.o(.text), (4 bytes).
    Removing stm32f10x_tim.o(.text), (4 bytes).
    Removing stm32f10x_tim.o(.text), (6 bytes).
    Removing stm32f10x_tim.o(.text), (18 bytes).
    Removing stm32f10x_tim.o(.text), (6 bytes).
    Removing stm32f10x_tim.o(.text), (6 bytes).
    Removing stm32f10x_tim.o(.text), (6 bytes).
    Removing stm32f10x_tim.o(.text), (8 bytes).
    Removing stm32f10x_tim.o(.text), (6 bytes).
    Removing stm32f10x_tim.o(.text), (6 bytes).
    Removing stm32f10x_tim.o(.text), (18 bytes).
    Removing stm32f10x_tim.o(.text), (6 bytes).
    Removing stm32f10x_usart.o(.text), (156 bytes).
    Removing stm32f10x_usart.o(.text), (216 bytes).
    Removing stm32f10x_usart.o(.text), (24 bytes).
    Removing stm32f10x_usart.o(.text), (34 bytes).
    Removing stm32f10x_usart.o(.text), (12 bytes).
    Removing stm32f10x_usart.o(.text), (24 bytes).
    Removing stm32f10x_usart.o(.text), (74 bytes).
    Removing stm32f10x_usart.o(.text), (18 bytes).
    Removing stm32f10x_usart.o(.text), (18 bytes).
    Removing stm32f10x_usart.o(.text), (18 bytes).
    Removing stm32f10x_usart.o(.text), (24 bytes).
    Removing stm32f10x_usart.o(.text), (18 bytes).
    Removing stm32f10x_usart.o(.text), (24 bytes).
    Removing stm32f10x_usart.o(.text), (10 bytes).
    Removing stm32f10x_usart.o(.text), (10 bytes).
    Removing stm32f10x_usart.o(.text), (16 bytes).
    Removing stm32f10x_usart.o(.text), (16 bytes).
    Removing stm32f10x_usart.o(.text), (24 bytes).
    Removing stm32f10x_usart.o(.text), (24 bytes).
    Removing stm32f10x_usart.o(.text), (24 bytes).
    Removing stm32f10x_usart.o(.text), (22 bytes).
    Removing stm32f10x_usart.o(.text), (24 bytes).
    Removing stm32f10x_usart.o(.text), (18 bytes).
    Removing stm32f10x_usart.o(.text), (24 bytes).
    Removing stm32f10x_usart.o(.text), (18 bytes).
    Removing stm32f10x_usart.o(.text), (84 bytes).
    Removing stm32f10x_usart.o(.text), (30 bytes).
    Removing stm32f10x_exti.o(.text), (36 bytes).
    Removing stm32f10x_exti.o(.text), (148 bytes).
    Removing stm32f10x_exti.o(.text), (16 bytes).
    Removing stm32f10x_exti.o(.text), (16 bytes).
    Removing stm32f10x_exti.o(.text), (24 bytes).
    Removing stm32f10x_exti.o(.text), (12 bytes).
    Removing stm32f10x_exti.o(.text), (40 bytes).
    Removing stm32f10x_exti.o(.text), (12 bytes).
    Removing stm32f10x_spi.o(.text), (88 bytes).
    Removing stm32f10x_spi.o(.text), (232 bytes).
    Removing stm32f10x_spi.o(.text), (24 bytes).
    Removing stm32f10x_spi.o(.text), (20 bytes).
    Removing stm32f10x_spi.o(.text), (24 bytes).
    Removing stm32f10x_spi.o(.text), (32 bytes).
    Removing stm32f10x_spi.o(.text), (18 bytes).
    Removing stm32f10x_spi.o(.text), (4 bytes).
    Removing stm32f10x_spi.o(.text), (6 bytes).
    Removing stm32f10x_spi.o(.text), (30 bytes).
    Removing stm32f10x_spi.o(.text), (24 bytes).
    Removing stm32f10x_spi.o(.text), (18 bytes).
    Removing stm32f10x_spi.o(.text), (10 bytes).
    Removing stm32f10x_spi.o(.text), (24 bytes).
    Removing stm32f10x_spi.o(.text), (16 bytes).
    Removing stm32f10x_spi.o(.text), (6 bytes).
    Removing stm32f10x_spi.o(.text), (28 bytes).
    Removing stm32f10x_spi.o(.text), (18 bytes).
    Removing stm32f10x_spi.o(.text), (6 bytes).
    Removing stm32f10x_spi.o(.text), (52 bytes).
    Removing stm32f10x_spi.o(.text), (20 bytes).
    Removing stm32f10x_flash.o(.text), (24 bytes).
    Removing stm32f10x_flash.o(.text), (28 bytes).
    Removing stm32f10x_flash.o(.text), (28 bytes).
    Removing stm32f10x_flash.o(.text), (24 bytes).
    Removing stm32f10x_flash.o(.text), (24 bytes).
    Removing stm32f10x_flash.o(.text), (20 bytes).
    Removing stm32f10x_flash.o(.text), (20 bytes).
    Removing stm32f10x_flash.o(.text), (52 bytes).
    Removing stm32f10x_flash.o(.text), (38 bytes).
    Removing stm32f10x_flash.o(.text), (76 bytes).
    Removing stm32f10x_flash.o(.text), (72 bytes).
    Removing stm32f10x_flash.o(.text), (38 bytes).
    Removing stm32f10x_flash.o(.text), (72 bytes).
    Removing stm32f10x_flash.o(.text), (24 bytes).
    Removing stm32f10x_flash.o(.text), (168 bytes).
    Removing stm32f10x_flash.o(.text), (100 bytes).
    Removing stm32f10x_flash.o(.text), (64 bytes).
    Removing stm32f10x_flash.o(.text), (84 bytes).
    Removing stm32f10x_flash.o(.text), (196 bytes).
    Removing stm32f10x_flash.o(.text), (172 bytes).
    Removing stm32f10x_flash.o(.text), (104 bytes).
    Removing stm32f10x_flash.o(.text), (12 bytes).
    Removing stm32f10x_flash.o(.text), (12 bytes).
    Removing stm32f10x_flash.o(.text), (24 bytes).
    Removing stm32f10x_flash.o(.text), (32 bytes).
    Removing stm32f10x_flash.o(.text), (48 bytes).
    Removing stm32f10x_flash.o(.text), (12 bytes).
    Removing stm32f10x_flash.o(.text), (52 bytes).
    Removing stm32f10x_rtc.o(.text), (20 bytes).
    Removing stm32f10x_rtc.o(.text), (28 bytes).
    Removing stm32f10x_rtc.o(.text), (24 bytes).
    Removing stm32f10x_rtc.o(.text), (24 bytes).
    Removing stm32f10x_rtc.o(.text), (16 bytes).
    Removing stm32f10x_rtc.o(.text), (36 bytes).
    Removing stm32f10x_rtc.o(.text), (16 bytes).
    Removing stm32f10x_iwdg.o(.text), (12 bytes).
    Removing stm32f10x_iwdg.o(.text), (12 bytes).
    Removing stm32f10x_iwdg.o(.text), (12 bytes).
    Removing stm32f10x_iwdg.o(.text), (16 bytes).
    Removing stm32f10x_iwdg.o(.text), (24 bytes).
    Removing stm32f10x_bkp.o(.text), (16 bytes).
    Removing stm32f10x_bkp.o(.text), (12 bytes).
    Removing stm32f10x_bkp.o(.text), (12 bytes).
    Removing stm32f10x_bkp.o(.text), (12 bytes).
    Removing stm32f10x_bkp.o(.text), (28 bytes).
    Removing stm32f10x_bkp.o(.text), (28 bytes).
    Removing stm32f10x_bkp.o(.text), (12 bytes).
    Removing stm32f10x_bkp.o(.text), (20 bytes).
    Removing stm32f10x_bkp.o(.text), (12 bytes).
    Removing stm32f10x_bkp.o(.text), (20 bytes).
    Removing stm32f10x_pwr.o(.text), (22 bytes).
    Removing stm32f10x_pwr.o(.text), (12 bytes).
    Removing stm32f10x_pwr.o(.text), (24 bytes).
    Removing stm32f10x_pwr.o(.text), (12 bytes).
    Removing stm32f10x_pwr.o(.text), (64 bytes).
    Removing stm32f10x_pwr.o(.text), (52 bytes).
    Removing stm32f10x_pwr.o(.text), (24 bytes).
    Removing stm32f10x_pwr.o(.text), (20 bytes).
    Removing stm32f10x_adc.o(.text), (92 bytes).
    Removing stm32f10x_adc.o(.text), (80 bytes).
    Removing stm32f10x_adc.o(.text), (18 bytes).
    Removing stm32f10x_adc.o(.text), (22 bytes).
    Removing stm32f10x_adc.o(.text), (22 bytes).
    Removing stm32f10x_adc.o(.text), (24 bytes).
    Removing stm32f10x_adc.o(.text), (10 bytes).
    Removing stm32f10x_adc.o(.text), (20 bytes).
    Removing stm32f10x_adc.o(.text), (10 bytes).
    Removing stm32f10x_adc.o(.text), (20 bytes).
    Removing stm32f10x_adc.o(.text), (22 bytes).
    Removing stm32f10x_adc.o(.text), (20 bytes).
    Removing stm32f10x_adc.o(.text), (24 bytes).
    Removing stm32f10x_adc.o(.text), (22 bytes).
    Removing stm32f10x_adc.o(.text), (184 bytes).
    Removing stm32f10x_adc.o(.text), (22 bytes).
    Removing stm32f10x_adc.o(.text), (8 bytes).
    Removing stm32f10x_adc.o(.text), (12 bytes).
    Removing stm32f10x_adc.o(.text), (22 bytes).
    Removing stm32f10x_adc.o(.text), (22 bytes).
    Removing stm32f10x_adc.o(.text), (16 bytes).
    Removing stm32f10x_adc.o(.text), (22 bytes).
    Removing stm32f10x_adc.o(.text), (22 bytes).
    Removing stm32f10x_adc.o(.text), (20 bytes).
    Removing stm32f10x_adc.o(.text), (130 bytes).
    Removing stm32f10x_adc.o(.text), (24 bytes).
    Removing stm32f10x_adc.o(.text), (12 bytes).
    Removing stm32f10x_adc.o(.text), (18 bytes).
    Removing stm32f10x_adc.o(.text), (20 bytes).
    Removing stm32f10x_adc.o(.text), (6 bytes).
    Removing stm32f10x_adc.o(.text), (16 bytes).
    Removing stm32f10x_adc.o(.text), (36 bytes).
    Removing stm32f10x_adc.o(.text), (18 bytes).
    Removing stm32f10x_adc.o(.text), (6 bytes).
    Removing stm32f10x_adc.o(.text), (36 bytes).
    Removing stm32f10x_adc.o(.text), (10 bytes).
    Removing core_cm3.o(.emb_text), (32 bytes).
    Removing system_stm32f10x.o(.text), (164 bytes).
    Removing system_stm32f10x.o(.data), (20 bytes).
    Removing startup_stm32f10x_hd.o(HEAP), (512 bytes).
    Removing app.o(.text), (196 bytes).
    Removing app.o(.text), (216 bytes).
    Removing app.o(.bss), (544 bytes).
    Removing bsp.o(.text), (12 bytes).
    Removing delay.o(.text), (64 bytes).
    Removing delay.o(.text), (12 bytes).
    Removing delay.o(.data), (4 bytes).
    Removing nvic.o(.text), (12 bytes).
    Removing usart.o(.text), (136 bytes).
    Removing usart.o(.text), (32 bytes).
    Removing usart.o(.text), (32 bytes).
    Removing usart.o(.text), (124 bytes).
    Removing timer.o(.text), (112 bytes).
    Removing timer.o(.text), (68 bytes).
    Removing timer.o(.text), (2 bytes).
    Removing timer.o(.text), (64 bytes).
    Removing timer.o(.text), (44 bytes).
    Removing timer.o(.text), (28 bytes).
    Removing timer.o(.text), (48 bytes).
    Removing sw-key.o(.text), (12 bytes).
    Removing sw-key.o(.text), (158 bytes).
    Removing rtc_time.o(.text), (26 bytes).
    Removing rtc_time.o(.text), (324 bytes).
    Removing rtc_time.o(.text), (164 bytes).
    Removing rtc_time.o(.text), (260 bytes).
    Removing rtc_time.o(.text), (58 bytes).
    Removing rtc_time.o(.text), (2 bytes).
    Removing rtc_time.o(.constdata), (48 bytes).
    Removing rtc_time.o(.data), (8 bytes).
    Removing li_power.o(.text), (36 bytes).
    Removing li_power.o(.text), (28 bytes).
    Removing li_power.o(.text), (148 bytes).
    Removing li_power.o(.text), (164 bytes).
    Removing li_power.o(.bss), (80 bytes).
    Removing li_power.o(.data), (1 bytes).
    Removing oled.o(.text), (260 bytes).
    Removing oled.o(.text), (8 bytes).
    Removing oled.o(.text), (58 bytes).
    Removing oled.o(.text), (28 bytes).
    Removing oled.o(.text), (22 bytes).
    Removing oled.o(.text), (148 bytes).
    Removing oled.o(.text), (176 bytes).
    Removing oled.o(.text), (216 bytes).
    Removing oled.o(.text), (360 bytes).
    Removing oled.o(.text), (104 bytes).
    Removing flash.o(.text), (44 bytes).
    Removing flash.o(.text), (36 bytes).
    Removing flash.o(.text), (48 bytes).
    Removing flash.o(.text), (40 bytes).
    Removing flash.o(.text), (40 bytes).
    Removing spi.o(.text), (92 bytes).
    Removing sys.o(.emb_text), (2 bytes).
    Removing sys.o(.text), (76 bytes).
    Removing sys.o(.text), (16 bytes).
    Removing sys.o(.text), (48 bytes).
    Removing dadd.o(.text), (334 bytes).
    Removing dmul.o(.text), (228 bytes).
    Removing ddiv.o(.text), (222 bytes).
    Removing dfixul.o(.text), (48 bytes).
    Removing cdrcmple.o(.text), (40 bytes).
    Removing depilogue.o(.text), (190 bytes).

339 unused section(s) (total 16671 bytes) removed from the image.

==============================================================================

Image Symbol Table

    Local Symbols

    Symbol Name                              Value     Ov Type        Size  Object(Section)

    ../clib/../cmprslib/zerorunl2.c          0x00000000   Number         0  __dczerorl2.o ABSOLUTE
    ../clib/microlib/division.c              0x00000000   Number         0  uldiv.o ABSOLUTE
    ../clib/microlib/division.c              0x00000000   Number         0  uidiv.o ABSOLUTE
    ../clib/microlib/init/entry.s            0x00000000   Number         0  entry7a.o ABSOLUTE
    ../clib/microlib/init/entry.s            0x00000000   Number         0  entry.o ABSOLUTE
    ../clib/microlib/init/entry.s            0x00000000   Number         0  entry2.o ABSOLUTE
    ../clib/microlib/init/entry.s            0x00000000   Number         0  entry5.o ABSOLUTE
    ../clib/microlib/init/entry.s            0x00000000   Number         0  entry7b.o ABSOLUTE
    ../clib/microlib/init/entry.s            0x00000000   Number         0  entry8.o ABSOLUTE
    ../clib/microlib/longlong.c              0x00000000   Number         0  llushr.o ABSOLUTE
    ../clib/microlib/longlong.c              0x00000000   Number         0  llsshr.o ABSOLUTE
    ../clib/microlib/longlong.c              0x00000000   Number         0  llshl.o ABSOLUTE
    ../clib/microlib/printf/printf.c         0x00000000   Number         0  printf1.o ABSOLUTE
    ../clib/microlib/printf/printf.c         0x00000000   Number         0  printf0.o ABSOLUTE
    ../clib/microlib/printf/printf.c         0x00000000   Number         0  printfb.o ABSOLUTE
    ../clib/microlib/printf/printf.c         0x00000000   Number         0  printf4.o ABSOLUTE
    ../clib/microlib/printf/printf.c         0x00000000   Number         0  printf5.o ABSOLUTE
    ../clib/microlib/printf/printf.c         0x00000000   Number         0  printf6.o ABSOLUTE
    ../clib/microlib/printf/printf.c         0x00000000   Number         0  printf7.o ABSOLUTE
    ../clib/microlib/printf/printf.c         0x00000000   Number         0  printf8.o ABSOLUTE
    ../clib/microlib/printf/printf.c         0x00000000   Number         0  printfa.o ABSOLUTE
    ../clib/microlib/printf/printf.c         0x00000000   Number         0  printf3.o ABSOLUTE
    ../clib/microlib/printf/printf.c         0x00000000   Number         0  printf2.o ABSOLUTE
    ../clib/microlib/printf/stubs.s          0x00000000   Number         0  stubs.o ABSOLUTE
    ../clib/microlib/stdio/streams.c         0x00000000   Number         0  stdout.o ABSOLUTE
    ../clib/microlib/string/memcpy.c         0x00000000   Number         0  memcpyb.o ABSOLUTE
    ../clib/microlib/string/memcpy.c         0x00000000   Number         0  memcpya.o ABSOLUTE
    ../clib/microlib/string/strcmp.c         0x00000000   Number         0  strcmp.o ABSOLUTE
    ../clib/microlib/string/strcpy.c         0x00000000   Number         0  strcpy.o ABSOLUTE
    ../clib/microlib/stubs.s                 0x00000000   Number         0  iusefp.o ABSOLUTE
    ../fplib/microlib/fpadd.c                0x00000000   Number         0  dadd.o ABSOLUTE
    ../fplib/microlib/fpdiv.c                0x00000000   Number         0  ddiv.o ABSOLUTE
    ../fplib/microlib/fpepilogue.c           0x00000000   Number         0  depilogue.o ABSOLUTE
    ../fplib/microlib/fpfix.c                0x00000000   Number         0  dfixul.o ABSOLUTE
    ../fplib/microlib/fpmul.c                0x00000000   Number         0  dmul.o ABSOLUTE
    ..\App\App.c                             0x00000000   Number         0  app.o ABSOLUTE
    ..\Bsp\Bsp.c                             0x00000000   Number         0  bsp.o ABSOLUTE
    ..\Bsp\Globle_Var.c                      0x00000000   Number         0  globle_var.o ABSOLUTE
    ..\Bsp\Li_Power.c                        0x00000000   Number         0  li_power.o ABSOLUTE
    ..\Bsp\RTC_time.c                        0x00000000   Number         0  rtc_time.o ABSOLUTE
    ..\Bsp\Timer.c                           0x00000000   Number         0  timer.o ABSOLUTE
    ..\Bsp\delay\delay.c                     0x00000000   Number         0  delay.o ABSOLUTE
    ..\Bsp\flash.c                           0x00000000   Number         0  flash.o ABSOLUTE
    ..\Bsp\lcd\oled.c                        0x00000000   Number         0  oled.o ABSOLUTE
    ..\Bsp\nvic\nvic.c                       0x00000000   Number         0  nvic.o ABSOLUTE
    ..\Bsp\spi.c                             0x00000000   Number         0  spi.o ABSOLUTE
    ..\Bsp\sw-key.c                          0x00000000   Number         0  sw-key.o ABSOLUTE
    ..\Bsp\sys.c                             0x00000000   Number         0  sys.o ABSOLUTE
    ..\Bsp\usart\usart.c                     0x00000000   Number         0  usart.o ABSOLUTE
    ..\Libraries\CM3\core_cm3.c              0x00000000   Number         0  core_cm3.o ABSOLUTE
    ..\Libraries\CM3\startup_stm32f10x_hd.s  0x00000000   Number         0  startup_stm32f10x_hd.o ABSOLUTE
    ..\Libraries\CM3\system_stm32f10x.c      0x00000000   Number         0  system_stm32f10x.o ABSOLUTE
    ..\Libraries\STM32F10x_StdPeriph_Driver\src\misc.c 0x00000000   Number         0  misc.o ABSOLUTE
    ..\Libraries\STM32F10x_StdPeriph_Driver\src\stm32f10x_adc.c 0x00000000   Number         0  stm32f10x_adc.o ABSOLUTE
    ..\Libraries\STM32F10x_StdPeriph_Driver\src\stm32f10x_bkp.c 0x00000000   Number         0  stm32f10x_bkp.o ABSOLUTE
    ..\Libraries\STM32F10x_StdPeriph_Driver\src\stm32f10x_exti.c 0x00000000   Number         0  stm32f10x_exti.o ABSOLUTE
    ..\Libraries\STM32F10x_StdPeriph_Driver\src\stm32f10x_flash.c 0x00000000   Number         0  stm32f10x_flash.o ABSOLUTE
    ..\Libraries\STM32F10x_StdPeriph_Driver\src\stm32f10x_gpio.c 0x00000000   Number         0  stm32f10x_gpio.o ABSOLUTE
    ..\Libraries\STM32F10x_StdPeriph_Driver\src\stm32f10x_iwdg.c 0x00000000   Number         0  stm32f10x_iwdg.o ABSOLUTE
    ..\Libraries\STM32F10x_StdPeriph_Driver\src\stm32f10x_pwr.c 0x00000000   Number         0  stm32f10x_pwr.o ABSOLUTE
    ..\Libraries\STM32F10x_StdPeriph_Driver\src\stm32f10x_rcc.c 0x00000000   Number         0  stm32f10x_rcc.o ABSOLUTE
    ..\Libraries\STM32F10x_StdPeriph_Driver\src\stm32f10x_rtc.c 0x00000000   Number         0  stm32f10x_rtc.o ABSOLUTE
    ..\Libraries\STM32F10x_StdPeriph_Driver\src\stm32f10x_spi.c 0x00000000   Number         0  stm32f10x_spi.o ABSOLUTE
    ..\Libraries\STM32F10x_StdPeriph_Driver\src\stm32f10x_tim.c 0x00000000   Number         0  stm32f10x_tim.o ABSOLUTE
    ..\Libraries\STM32F10x_StdPeriph_Driver\src\stm32f10x_usart.c 0x00000000   Number         0  stm32f10x_usart.o ABSOLUTE
    ..\\Bsp\\sys.c                           0x00000000   Number         0  sys.o ABSOLUTE
    ..\\Libraries\\CM3\\core_cm3.c           0x00000000   Number         0  core_cm3.o ABSOLUTE
    cdrcmple.s                               0x00000000   Number         0  cdrcmple.o ABSOLUTE
    dc.s                                     0x00000000   Number         0  dc.o ABSOLUTE
    handlers.s                               0x00000000   Number         0  handlers.o ABSOLUTE
    init.s                                   0x00000000   Number         0  init.o ABSOLUTE
    RESET                                    0x08000000   Section      304  startup_stm32f10x_hd.o(RESET)
    .ARM.Collect$$$$00000000                 0x08000130   Section        0  entry.o(.ARM.Collect$$$$00000000)
    .ARM.Collect$$$$00000001                 0x08000130   Section        4  entry2.o(.ARM.Collect$$$$00000001)
    .ARM.Collect$$$$00000004                 0x08000134   Section        4  entry5.o(.ARM.Collect$$$$00000004)
    .ARM.Collect$$$$00000008                 0x08000138   Section        0  entry7b.o(.ARM.Collect$$$$00000008)
    .ARM.Collect$$$$00000009                 0x08000138   Section        8  entry8.o(.ARM.Collect$$$$00000009)
    .ARM.Collect$$$$00002712                 0x08000140   Section        4  entry2.o(.ARM.Collect$$$$00002712)
    __lit__00000000                          0x08000140   Data           4  entry2.o(.ARM.Collect$$$$00002712)
    .text                                    0x08000144   Section        0  misc.o(.text)
    .text                                    0x080001c4   Section        0  stm32f10x_gpio.o(.text)
    .text                                    0x080002e0   Section        0  stm32f10x_rcc.o(.text)
    .text                                    0x08000474   Section        0  stm32f10x_tim.o(.text)
    TI4_Config                               0x08000475   Thumb Code   130  stm32f10x_tim.o(.text)
    TI3_Config                               0x080004f7   Thumb Code   122  stm32f10x_tim.o(.text)
    TI2_Config                               0x08000571   Thumb Code   130  stm32f10x_tim.o(.text)
    TI1_Config                               0x080005f3   Thumb Code   108  stm32f10x_tim.o(.text)
    .text                                    0x080006c8   Section        0  stm32f10x_usart.o(.text)
    .text                                    0x080006ea   Section        0  stm32f10x_spi.o(.text)
    .text                                    0x08000740   Section        0  stm32f10x_rtc.o(.text)
    .text                                    0x080007ec   Section        0  stm32f10x_iwdg.o(.text)
    .text                                    0x080007fc   Section        0  stm32f10x_bkp.o(.text)
    .text                                    0x08000818   Section        0  stm32f10x_pwr.o(.text)
    .text                                    0x08000824   Section        0  system_stm32f10x.o(.text)
    SetSysClockTo72                          0x08000825   Thumb Code   192  system_stm32f10x.o(.text)
    SetSysClock                              0x080008e5   Thumb Code     8  system_stm32f10x.o(.text)
    .text                                    0x08000950   Section       36  startup_stm32f10x_hd.o(.text)
    .text                                    0x08000974   Section        0  app.o(.text)
    .text                                    0x08000b50   Section        0  delay.o(.text)
    .text                                    0x08000c04   Section        0  nvic.o(.text)
    .text                                    0x08000c5c   Section        0  usart.o(.text)
    .text                                    0x08000c80   Section        0  timer.o(.text)
    .text                                    0x08000e14   Section        0  sw-key.o(.text)
    .text                                    0x08000edc   Section        0  rtc_time.o(.text)
    IsLeapYear                               0x08000ffd   Thumb Code    58  rtc_time.o(.text)
    .text                                    0x08001038   Section        0  oled.o(.text)
    hex2ch                                   0x08001e29   Thumb Code     8  oled.o(.text)
    .text                                    0x08002540   Section        0  flash.o(.text)
    .text                                    0x08002800   Section        0  spi.o(.text)
    .text                                    0x080028f4   Section        0  strcmp.o(.text)
    .text                                    0x08002910   Section        0  strcpy.o(.text)
    .text                                    0x08002922   Section        0  uidiv.o(.text)
    .text                                    0x08002950   Section       36  init.o(.text)
    .text                                    0x08002974   Section        0  __dczerorl2.o(.text)
    i.__0printf$1                            0x080029d0   Section        0  printf1.o(i.__0printf$1)
    i.__scatterload_copy                     0x080029f0   Section       14  handlers.o(i.__scatterload_copy)
    i.__scatterload_null                     0x080029fe   Section        2  handlers.o(i.__scatterload_null)
    i.__scatterload_zeroinit                 0x08002a00   Section       14  handlers.o(i.__scatterload_zeroinit)
    i._printf_core                           0x08002a10   Section        0  printf1.o(i._printf_core)
    _printf_core                             0x08002a11   Thumb Code   334  printf1.o(i._printf_core)
    .constdata                               0x08002b64   Section       19  app.o(.constdata)
    .constdata                               0x08002b78   Section    12536  oled.o(.constdata)
    .data                                    0x20000000   Section       20  stm32f10x_rcc.o(.data)
    APBAHBPrescTable                         0x20000000   Data          16  stm32f10x_rcc.o(.data)
    ADCPrescTable                            0x20000010   Data           4  stm32f10x_rcc.o(.data)
    .data                                    0x20000014   Section       93  app.o(.data)
    .data                                    0x20000071   Section        1  timer.o(.data)
    .data                                    0x20000072   Section        1  sw-key.o(.data)
    .data                                    0x20000073   Section       13  globle_var.o(.data)
    .data                                    0x20000080   Section      952  oled.o(.data)
    .data                                    0x20000438   Section        4  stdout.o(.data)
    .bss                                     0x2000043c   Section       76  timer.o(.bss)
    .bss                                     0x20000488   Section     1039  oled.o(.bss)
    .bss                                     0x20000897   Section     4096  flash.o(.bss)
    STACK                                    0x20001898   Section     1024  startup_stm32f10x_hd.o(STACK)

    Global Symbols

    Symbol Name                              Value     Ov Type        Size  Object(Section)

    BuildAttributes$$THM_ISAv4$P$D$K$B$S$PE$A:L22UL41UL21$X:L11$S22US41US21$IEEE1$IW$USESV6$~STKCKD$USESV7$~SHL$OSPACE$ROPI$EBA8$MICROLIB$REQ8$PRES8$EABIv2 0x00000000   Number         0  anon$$obj.o ABSOLUTE
    __ARM_use_no_argv                        0x00000000   Number         0  app.o ABSOLUTE
    _printf_a                                0x00000000   Number         0  stubs.o ABSOLUTE
    _printf_c                                0x00000000   Number         0  stubs.o ABSOLUTE
    _printf_charcount                        0x00000000   Number         0  stubs.o ABSOLUTE
    _printf_d                                0x00000000   Number         0  stubs.o ABSOLUTE
    _printf_e                                0x00000000   Number         0  stubs.o ABSOLUTE
    _printf_f                                0x00000000   Number         0  stubs.o ABSOLUTE
    _printf_flags                            0x00000000   Number         0  stubs.o ABSOLUTE
    _printf_fp_dec                           0x00000000   Number         0  stubs.o ABSOLUTE
    _printf_fp_hex                           0x00000000   Number         0  stubs.o ABSOLUTE
    _printf_g                                0x00000000   Number         0  stubs.o ABSOLUTE
    _printf_i                                0x00000000   Number         0  stubs.o ABSOLUTE
    _printf_int_dec                          0x00000000   Number         0  stubs.o ABSOLUTE
    _printf_l                                0x00000000   Number         0  stubs.o ABSOLUTE
    _printf_lc                               0x00000000   Number         0  stubs.o ABSOLUTE
    _printf_ll                               0x00000000   Number         0  stubs.o ABSOLUTE
    _printf_lld                              0x00000000   Number         0  stubs.o ABSOLUTE
    _printf_lli                              0x00000000   Number         0  stubs.o ABSOLUTE
    _printf_llo                              0x00000000   Number         0  stubs.o ABSOLUTE
    _printf_llu                              0x00000000   Number         0  stubs.o ABSOLUTE
    _printf_llx                              0x00000000   Number         0  stubs.o ABSOLUTE
    _printf_longlong_dec                     0x00000000   Number         0  stubs.o ABSOLUTE
    _printf_longlong_hex                     0x00000000   Number         0  stubs.o ABSOLUTE
    _printf_longlong_oct                     0x00000000   Number         0  stubs.o ABSOLUTE
    _printf_ls                               0x00000000   Number         0  stubs.o ABSOLUTE
    _printf_mbtowc                           0x00000000   Number         0  stubs.o ABSOLUTE
    _printf_n                                0x00000000   Number         0  stubs.o ABSOLUTE
    _printf_o                                0x00000000   Number         0  stubs.o ABSOLUTE
    _printf_p                                0x00000000   Number         0  stubs.o ABSOLUTE
    _printf_percent                          0x00000000   Number         0  stubs.o ABSOLUTE
    _printf_pre_padding                      0x00000000   Number         0  stubs.o ABSOLUTE
    _printf_return_value                     0x00000000   Number         0  stubs.o ABSOLUTE
    _printf_s                                0x00000000   Number         0  stubs.o ABSOLUTE
    _printf_sizespec                         0x00000000   Number         0  stubs.o ABSOLUTE
    _printf_str                              0x00000000   Number         0  stubs.o ABSOLUTE
    _printf_truncate_signed                  0x00000000   Number         0  stubs.o ABSOLUTE
    _printf_truncate_unsigned                0x00000000   Number         0  stubs.o ABSOLUTE
    _printf_u                                0x00000000   Number         0  stubs.o ABSOLUTE
    _printf_wc                               0x00000000   Number         0  stubs.o ABSOLUTE
    _printf_wctomb                           0x00000000   Number         0  stubs.o ABSOLUTE
    _printf_widthprec                        0x00000000   Number         0  stubs.o ABSOLUTE
    _printf_x                                0x00000000   Number         0  stubs.o ABSOLUTE
    _clock_init                               - Undefined Weak Reference
    __Vectors_Size                           0x00000130   Number         0  startup_stm32f10x_hd.o ABSOLUTE
    __Vectors                                0x08000000   Data           4  startup_stm32f10x_hd.o(RESET)
    __Vectors_End                            0x08000130   Data           0  startup_stm32f10x_hd.o(RESET)
    __main                                   0x08000131   Thumb Code     0  entry.o(.ARM.Collect$$$$00000000)
    _main_stk                                0x08000131   Thumb Code     0  entry2.o(.ARM.Collect$$$$00000001)
    _main_scatterload                        0x08000135   Thumb Code     0  entry5.o(.ARM.Collect$$$$00000004)
    __main_after_scatterload                 0x08000139   Thumb Code     0  entry5.o(.ARM.Collect$$$$00000004)
    _main_clock                              0x08000139   Thumb Code     0  entry7b.o(.ARM.Collect$$$$00000008)
    _main_init                               0x08000139   Thumb Code     0  entry8.o(.ARM.Collect$$$$00000009)
    NVIC_PriorityGroupConfig                 0x08000145   Thumb Code    10  misc.o(.text)
    NVIC_Init                                0x0800014f   Thumb Code   102  misc.o(.text)
    GPIO_Init                                0x080001c5   Thumb Code   274  stm32f10x_gpio.o(.text)
    GPIO_SetBits                             0x080002d7   Thumb Code     4  stm32f10x_gpio.o(.text)
    GPIO_ResetBits                           0x080002db   Thumb Code     4  stm32f10x_gpio.o(.text)
    RCC_GetFlagStatus                        0x080002e1   Thumb Code    56  stm32f10x_rcc.o(.text)
    RCC_LSEConfig                            0x08000319   Thumb Code    44  stm32f10x_rcc.o(.text)
    RCC_RTCCLKConfig                         0x08000345   Thumb Code    12  stm32f10x_rcc.o(.text)
    RCC_RTCCLKCmd                            0x08000351   Thumb Code     6  stm32f10x_rcc.o(.text)
    RCC_GetClocksFreq                        0x08000357   Thumb Code   192  stm32f10x_rcc.o(.text)
    RCC_APB2PeriphClockCmd                   0x08000417   Thumb Code    26  stm32f10x_rcc.o(.text)
    RCC_APB1PeriphClockCmd                   0x08000431   Thumb Code    26  stm32f10x_rcc.o(.text)
    RCC_ClearFlag                            0x0800044b   Thumb Code    14  stm32f10x_rcc.o(.text)
    TIM_Cmd                                  0x0800065f   Thumb Code    24  stm32f10x_tim.o(.text)
    TIM_ITConfig                             0x08000677   Thumb Code    18  stm32f10x_tim.o(.text)
    TIM_SetCounter                           0x08000689   Thumb Code     4  stm32f10x_tim.o(.text)
    TIM_GetITStatus                          0x0800068d   Thumb Code    34  stm32f10x_tim.o(.text)
    TIM_ClearITPendingBit                    0x080006af   Thumb Code     6  stm32f10x_tim.o(.text)
    USART_SendData                           0x080006c9   Thumb Code     8  stm32f10x_usart.o(.text)
    USART_GetFlagStatus                      0x080006d1   Thumb Code    26  stm32f10x_usart.o(.text)
    SPI_Init                                 0x080006eb   Thumb Code    60  stm32f10x_spi.o(.text)
    SPI_Cmd                                  0x08000727   Thumb Code    24  stm32f10x_spi.o(.text)
    RTC_ITConfig                             0x08000741   Thumb Code    26  stm32f10x_rtc.o(.text)
    RTC_EnterConfigMode                      0x0800075b   Thumb Code    18  stm32f10x_rtc.o(.text)
    RTC_ExitConfigMode                       0x0800076d   Thumb Code    20  stm32f10x_rtc.o(.text)
    RTC_SetCounter                           0x08000781   Thumb Code    26  stm32f10x_rtc.o(.text)
    RTC_SetPrescaler                         0x0800079b   Thumb Code    28  stm32f10x_rtc.o(.text)
    RTC_WaitForLastTask                      0x080007b7   Thumb Code    16  stm32f10x_rtc.o(.text)
    RTC_WaitForSynchro                       0x080007c7   Thumb Code    34  stm32f10x_rtc.o(.text)
    IWDG_ReloadCounter                       0x080007ed   Thumb Code    10  stm32f10x_iwdg.o(.text)
    BKP_WriteBackupRegister                  0x080007fd   Thumb Code    10  stm32f10x_bkp.o(.text)
    BKP_ReadBackupRegister                   0x08000807   Thumb Code    12  stm32f10x_bkp.o(.text)
    PWR_BackupAccessCmd                      0x08000819   Thumb Code     6  stm32f10x_pwr.o(.text)
    SystemInit                               0x080008ed   Thumb Code    78  system_stm32f10x.o(.text)
    Reset_Handler                            0x08000951   Thumb Code     8  startup_stm32f10x_hd.o(.text)
    NMI_Handler                              0x08000959   Thumb Code     2  startup_stm32f10x_hd.o(.text)
    HardFault_Handler                        0x0800095b   Thumb Code     2  startup_stm32f10x_hd.o(.text)
    MemManage_Handler                        0x0800095d   Thumb Code     2  startup_stm32f10x_hd.o(.text)
    BusFault_Handler                         0x0800095f   Thumb Code     2  startup_stm32f10x_hd.o(.text)
    UsageFault_Handler                       0x08000961   Thumb Code     2  startup_stm32f10x_hd.o(.text)
    SVC_Handler                              0x08000963   Thumb Code     2  startup_stm32f10x_hd.o(.text)
    DebugMon_Handler                         0x08000965   Thumb Code     2  startup_stm32f10x_hd.o(.text)
    PendSV_Handler                           0x08000967   Thumb Code     2  startup_stm32f10x_hd.o(.text)
    SysTick_Handler                          0x08000969   Thumb Code     2  startup_stm32f10x_hd.o(.text)
    ADC1_2_IRQHandler                        0x0800096b   Thumb Code     0  startup_stm32f10x_hd.o(.text)
    ADC3_IRQHandler                          0x0800096b   Thumb Code     0  startup_stm32f10x_hd.o(.text)
    CAN1_RX1_IRQHandler                      0x0800096b   Thumb Code     0  startup_stm32f10x_hd.o(.text)
    CAN1_SCE_IRQHandler                      0x0800096b   Thumb Code     0  startup_stm32f10x_hd.o(.text)
    DMA1_Channel1_IRQHandler                 0x0800096b   Thumb Code     0  startup_stm32f10x_hd.o(.text)
    DMA1_Channel2_IRQHandler                 0x0800096b   Thumb Code     0  startup_stm32f10x_hd.o(.text)
    DMA1_Channel3_IRQHandler                 0x0800096b   Thumb Code     0  startup_stm32f10x_hd.o(.text)
    DMA1_Channel4_IRQHandler                 0x0800096b   Thumb Code     0  startup_stm32f10x_hd.o(.text)
    DMA1_Channel5_IRQHandler                 0x0800096b   Thumb Code     0  startup_stm32f10x_hd.o(.text)
    DMA1_Channel6_IRQHandler                 0x0800096b   Thumb Code     0  startup_stm32f10x_hd.o(.text)
    DMA1_Channel7_IRQHandler                 0x0800096b   Thumb Code     0  startup_stm32f10x_hd.o(.text)
    DMA2_Channel1_IRQHandler                 0x0800096b   Thumb Code     0  startup_stm32f10x_hd.o(.text)
    DMA2_Channel2_IRQHandler                 0x0800096b   Thumb Code     0  startup_stm32f10x_hd.o(.text)
    DMA2_Channel3_IRQHandler                 0x0800096b   Thumb Code     0  startup_stm32f10x_hd.o(.text)
    DMA2_Channel4_5_IRQHandler               0x0800096b   Thumb Code     0  startup_stm32f10x_hd.o(.text)
    EXTI0_IRQHandler                         0x0800096b   Thumb Code     0  startup_stm32f10x_hd.o(.text)
    EXTI15_10_IRQHandler                     0x0800096b   Thumb Code     0  startup_stm32f10x_hd.o(.text)
    EXTI1_IRQHandler                         0x0800096b   Thumb Code     0  startup_stm32f10x_hd.o(.text)
    EXTI2_IRQHandler                         0x0800096b   Thumb Code     0  startup_stm32f10x_hd.o(.text)
    EXTI3_IRQHandler                         0x0800096b   Thumb Code     0  startup_stm32f10x_hd.o(.text)
    EXTI4_IRQHandler                         0x0800096b   Thumb Code     0  startup_stm32f10x_hd.o(.text)
    EXTI9_5_IRQHandler                       0x0800096b   Thumb Code     0  startup_stm32f10x_hd.o(.text)
    FLASH_IRQHandler                         0x0800096b   Thumb Code     0  startup_stm32f10x_hd.o(.text)
    FSMC_IRQHandler                          0x0800096b   Thumb Code     0  startup_stm32f10x_hd.o(.text)
    I2C1_ER_IRQHandler                       0x0800096b   Thumb Code     0  startup_stm32f10x_hd.o(.text)
    I2C1_EV_IRQHandler                       0x0800096b   Thumb Code     0  startup_stm32f10x_hd.o(.text)
    I2C2_ER_IRQHandler                       0x0800096b   Thumb Code     0  startup_stm32f10x_hd.o(.text)
    I2C2_EV_IRQHandler                       0x0800096b   Thumb Code     0  startup_stm32f10x_hd.o(.text)
    PVD_IRQHandler                           0x0800096b   Thumb Code     0  startup_stm32f10x_hd.o(.text)
    RCC_IRQHandler                           0x0800096b   Thumb Code     0  startup_stm32f10x_hd.o(.text)
    RTCAlarm_IRQHandler                      0x0800096b   Thumb Code     0  startup_stm32f10x_hd.o(.text)
    RTC_IRQHandler                           0x0800096b   Thumb Code     0  startup_stm32f10x_hd.o(.text)
    SDIO_IRQHandler                          0x0800096b   Thumb Code     0  startup_stm32f10x_hd.o(.text)
    SPI1_IRQHandler                          0x0800096b   Thumb Code     0  startup_stm32f10x_hd.o(.text)
    SPI2_IRQHandler                          0x0800096b   Thumb Code     0  startup_stm32f10x_hd.o(.text)
    SPI3_IRQHandler                          0x0800096b   Thumb Code     0  startup_stm32f10x_hd.o(.text)
    TAMPER_IRQHandler                        0x0800096b   Thumb Code     0  startup_stm32f10x_hd.o(.text)
    TIM1_BRK_IRQHandler                      0x0800096b   Thumb Code     0  startup_stm32f10x_hd.o(.text)
    TIM1_CC_IRQHandler                       0x0800096b   Thumb Code     0  startup_stm32f10x_hd.o(.text)
    TIM1_TRG_COM_IRQHandler                  0x0800096b   Thumb Code     0  startup_stm32f10x_hd.o(.text)
    TIM1_UP_IRQHandler                       0x0800096b   Thumb Code     0  startup_stm32f10x_hd.o(.text)
    TIM3_IRQHandler                          0x0800096b   Thumb Code     0  startup_stm32f10x_hd.o(.text)
    TIM4_IRQHandler                          0x0800096b   Thumb Code     0  startup_stm32f10x_hd.o(.text)
    TIM5_IRQHandler                          0x0800096b   Thumb Code     0  startup_stm32f10x_hd.o(.text)
    TIM6_IRQHandler                          0x0800096b   Thumb Code     0  startup_stm32f10x_hd.o(.text)
    TIM7_IRQHandler                          0x0800096b   Thumb Code     0  startup_stm32f10x_hd.o(.text)
    TIM8_BRK_IRQHandler                      0x0800096b   Thumb Code     0  startup_stm32f10x_hd.o(.text)
    TIM8_CC_IRQHandler                       0x0800096b   Thumb Code     0  startup_stm32f10x_hd.o(.text)
    TIM8_TRG_COM_IRQHandler                  0x0800096b   Thumb Code     0  startup_stm32f10x_hd.o(.text)
    TIM8_UP_IRQHandler                       0x0800096b   Thumb Code     0  startup_stm32f10x_hd.o(.text)
    UART4_IRQHandler                         0x0800096b   Thumb Code     0  startup_stm32f10x_hd.o(.text)
    UART5_IRQHandler                         0x0800096b   Thumb Code     0  startup_stm32f10x_hd.o(.text)
    USART1_IRQHandler                        0x0800096b   Thumb Code     0  startup_stm32f10x_hd.o(.text)
    USART2_IRQHandler                        0x0800096b   Thumb Code     0  startup_stm32f10x_hd.o(.text)
    USART3_IRQHandler                        0x0800096b   Thumb Code     0  startup_stm32f10x_hd.o(.text)
    USBWakeUp_IRQHandler                     0x0800096b   Thumb Code     0  startup_stm32f10x_hd.o(.text)
    USB_HP_CAN1_TX_IRQHandler                0x0800096b   Thumb Code     0  startup_stm32f10x_hd.o(.text)
    USB_LP_CAN1_RX0_IRQHandler               0x0800096b   Thumb Code     0  startup_stm32f10x_hd.o(.text)
    WWDG_IRQHandler                          0x0800096b   Thumb Code     0  startup_stm32f10x_hd.o(.text)
    Clear_WDT                                0x08000975   Thumb Code     8  app.o(.text)
    main                                     0x0800097d   Thumb Code   262  app.o(.text)
    SystemTick_Init                          0x08000b51   Thumb Code    84  delay.o(.text)
    delay_ms                                 0x08000ba5   Thumb Code    74  delay.o(.text)
    Delay                                    0x08000bef   Thumb Code    12  delay.o(.text)
    NVIC_Configuration                       0x08000c05   Thumb Code    88  nvic.o(.text)
    fputc                                    0x08000c5d   Thumb Code    32  usart.o(.text)
    Start_Timer                              0x08000c81   Thumb Code    70  timer.o(.text)
    SetTimer                                 0x08000cc7   Thumb Code   136  timer.o(.text)
    Stop_Timer                               0x08000d4f   Thumb Code    30  timer.o(.text)
    KillTimer                                0x08000d6d   Thumb Code    84  timer.o(.text)
    TIM2_IRQHandler                          0x08000dc1   Thumb Code    64  timer.o(.text)
    Do_TimeOut                               0x08000e01   Thumb Code     8  timer.o(.text)
    Init_KeyNumuber                          0x08000e15   Thumb Code     8  sw-key.o(.text)
    Scan_Key                                 0x08000e1d   Thumb Code   100  sw-key.o(.text)
    GetKey                                   0x08000e81   Thumb Code    22  sw-key.o(.text)
    ResetKey                                 0x08000e97   Thumb Code     8  sw-key.o(.text)
    Init_Sw_Key_Io                           0x08000e9f   Thumb Code    52  sw-key.o(.text)
    set_time                                 0x08000edd   Thumb Code   132  rtc_time.o(.text)
    RTC_Configuration                        0x08000f61   Thumb Code    72  rtc_time.o(.text)
    RTC_init                                 0x08000fa9   Thumb Code    84  rtc_time.o(.text)
    SPI2_ReadWriteByte                       0x08001039   Thumb Code    70  oled.o(.text)
    OLED_WR_Byte                             0x0800107f   Thumb Code    68  oled.o(.text)
    OLED_Refresh_Gram                        0x080010c3   Thumb Code    70  oled.o(.text)
    OLED_Clear                               0x08001109   Thumb Code    42  oled.o(.text)
    LCD_Set_Pos                              0x08001133   Thumb Code    52  oled.o(.text)
    OLED_DrawPoint                           0x08001167   Thumb Code   140  oled.o(.text)
    OLED_ShowCHinese                         0x080011f3   Thumb Code   222  oled.o(.text)
    OLED_ShowChar                            0x080012d1   Thumb Code   158  oled.o(.text)
    apoint_place_write                       0x0800136f   Thumb Code   154  oled.o(.text)
    Lcd_Show                                 0x08001409   Thumb Code    22  oled.o(.text)
    Lcd_ShowN                                0x0800141f   Thumb Code    46  oled.o(.text)
    ShowMenu                                 0x0800144d   Thumb Code    98  oled.o(.text)
    Choose_MenuOp1                           0x080014af   Thumb Code   424  oled.o(.text)
    hs_menu                                  0x08001657   Thumb Code     8  oled.o(.text)
    OLED_Display_On                          0x0800165f   Thumb Code    28  oled.o(.text)
    OLED_Display_Off                         0x0800167b   Thumb Code    28  oled.o(.text)
    Choose_MenuOp4_3                         0x08001697   Thumb Code   310  oled.o(.text)
    Choose_MenuOp4                           0x080017cd   Thumb Code   448  oled.o(.text)
    tool_menu                                0x0800198d   Thumb Code     8  oled.o(.text)
    Choose_MenuOp5                           0x08001995   Thumb Code   392  oled.o(.text)
    set_menu                                 0x08001b1d   Thumb Code     8  oled.o(.text)
    guanji                                   0x08001b25   Thumb Code     8  oled.o(.text)
    often_show                               0x08001b2d   Thumb Code    22  oled.o(.text)
    Choose_MenuOp4_22                        0x08001b43   Thumb Code   720  oled.o(.text)
    mima                                     0x08001e13   Thumb Code     8  oled.o(.text)
    guanping                                 0x08001e1b   Thumb Code    14  oled.o(.text)
    display_shuzi                            0x08001e31   Thumb Code    68  oled.o(.text)
    Choose_MenuOp4_1                         0x08001e75   Thumb Code   296  oled.o(.text)
    code_menu                                0x08001f9d   Thumb Code     8  oled.o(.text)
    close                                    0x08001fa5   Thumb Code    12  oled.o(.text)
    Choose_MenuOp5_1                         0x08001fb1   Thumb Code   530  oled.o(.text)
    time                                     0x080021c3   Thumb Code     8  oled.o(.text)
    Choose_MenuOp5_3                         0x080021cb   Thumb Code   368  oled.o(.text)
    banben                                   0x0800233b   Thumb Code     8  oled.o(.text)
    OLED_ShowString                          0x08002343   Thumb Code    68  oled.o(.text)
    OLED_Init                                0x08002387   Thumb Code   248  oled.o(.text)
    SPI2_Init                                0x0800247f   Thumb Code   190  oled.o(.text)
    SPI_Flash_Init                           0x08002541   Thumb Code    60  flash.o(.text)
    SPI_Flash_ReadSR                         0x0800257d   Thumb Code    38  flash.o(.text)
    SPI_FLASH_Write_Enable                   0x080025a3   Thumb Code    26  flash.o(.text)
    SPI_Flash_ReadID                         0x080025bd   Thumb Code    66  flash.o(.text)
    SPI_Flash_Read                           0x080025ff   Thumb Code    76  flash.o(.text)
    SPI_Flash_Wait_Busy                      0x0800264b   Thumb Code    16  flash.o(.text)
    SPI_Flash_Write_Page                     0x0800265b   Thumb Code    82  flash.o(.text)
    SPI_Flash_Write_NoCheck                  0x080026ad   Thumb Code    70  flash.o(.text)
    SPI_Flash_Erase_Sector                   0x080026f3   Thumb Code    64  flash.o(.text)
    SPI_Flash_Write                          0x08002733   Thumb Code   176  flash.o(.text)
    SPIx_ReadWriteByte                       0x08002801   Thumb Code    66  spi.o(.text)
    SPIx_Init                                0x08002843   Thumb Code   162  spi.o(.text)
    strcmp                                   0x080028f5   Thumb Code    28  strcmp.o(.text)
    strcpy                                   0x08002911   Thumb Code    18  strcpy.o(.text)
    __aeabi_uidiv                            0x08002923   Thumb Code     0  uidiv.o(.text)
    __aeabi_uidivmod                         0x08002923   Thumb Code    44  uidiv.o(.text)
    __scatterload                            0x08002951   Thumb Code    28  init.o(.text)
    __scatterload_rt2                        0x08002951   Thumb Code     0  init.o(.text)
    __decompress                             0x08002975   Thumb Code     0  __dczerorl2.o(.text)
    __decompress1                            0x08002975   Thumb Code    92  __dczerorl2.o(.text)
    __0printf$1                              0x080029d1   Thumb Code    22  printf1.o(i.__0printf$1)
    __1printf$1                              0x080029d1   Thumb Code     0  printf1.o(i.__0printf$1)
    __2printf                                0x080029d1   Thumb Code     0  printf1.o(i.__0printf$1)
    __scatterload_copy                       0x080029f1   Thumb Code    14  handlers.o(i.__scatterload_copy)
    __scatterload_null                       0x080029ff   Thumb Code     2  handlers.o(i.__scatterload_null)
    __scatterload_zeroinit                   0x08002a01   Thumb Code    14  handlers.o(i.__scatterload_zeroinit)
    TEXT_Buffer                              0x08002b64   Data          19  app.o(.constdata)
    oled_asc2_1206                           0x08002b78   Data        1140  oled.o(.constdata)
    oled_asc2_1608                           0x08002fec   Data        1680  oled.o(.constdata)
    CHINESE                                  0x0800367c   Data         384  oled.o(.constdata)
    HZ                                       0x080037fc   Data        5202  oled.o(.constdata)
    ASCII                                    0x08004c4e   Data         272  oled.o(.constdata)
    asc_table                                0x08004d5e   Data          17  oled.o(.constdata)
    HsMenu                                   0x08004d70   Data         480  oled.o(.constdata)
    TOOLMENU                                 0x08004f50   Data         480  oled.o(.constdata)
    GUANJI                                   0x08005130   Data         480  oled.o(.constdata)
    OPEN                                     0x08005310   Data         480  oled.o(.constdata)
    CODEMENU                                 0x080054f0   Data         480  oled.o(.constdata)
    SETMENU                                  0x080056d0   Data         480  oled.o(.constdata)
    TIME                                     0x080058b0   Data         480  oled.o(.constdata)
    BANBEN                                   0x08005a90   Data         480  oled.o(.constdata)
    Region$$Table$$Base                      0x08005c70   Number         0  anon$$obj.o(Region$$Table)
    Region$$Table$$Limit                     0x08005c90   Number         0  anon$$obj.o(Region$$Table)
    rightcode1                               0x20000014   Data           4  app.o(.data)
    test_code                                0x20000018   Data          16  app.o(.data)
    m_Uart_State                             0x20000028   Data           1  app.o(.data)
    Rfid_Buff                                0x20000029   Data           6  app.o(.data)
    m                                        0x2000002f   Data           1  app.o(.data)
    n                                        0x20000030   Data           1  app.o(.data)
    author_addr                              0x20000034   Data           4  app.o(.data)
    author_row                               0x20000038   Data           4  app.o(.data)
    row_num                                  0x2000003c   Data           4  app.o(.data)
    temp_addr                                0x20000040   Data           4  app.o(.data)
    caima_addr                               0x20000044   Data           4  app.o(.data)
    caima_row                                0x20000048   Data           4  app.o(.data)
    row_num2                                 0x2000004c   Data           4  app.o(.data)
    temp_addr2                               0x20000050   Data           4  app.o(.data)
    caima_data                               0x20000054   Data           8  app.o(.data)
    record_addr                              0x2000005c   Data           4  app.o(.data)
    record_row                               0x20000060   Data           4  app.o(.data)
    row_num3                                 0x20000064   Data           4  app.o(.data)
    temp_addr3                               0x20000068   Data           4  app.o(.data)
    record_data                              0x2000006c   Data           5  app.o(.data)
    TimeInitialized                          0x20000071   Data           1  timer.o(.data)
    Key_Num                                  0x20000072   Data           1  sw-key.o(.data)
    end_flag                                 0x20000073   Data           1  globle_var.o(.data)
    USB_Cheak_init_flag                      0x20000074   Data           1  globle_var.o(.data)
    YH_BH_H                                  0x20000075   Data           1  globle_var.o(.data)
    YH_BH_L                                  0x20000076   Data           1  globle_var.o(.data)
    shouquan_jieguo                          0x20000077   Data           1  globle_var.o(.data)
    guanjiflag                               0x20000078   Data           1  globle_var.o(.data)
    key_code                                 0x20000079   Data           1  globle_var.o(.data)
    time_buff                                0x2000007a   Data           6  globle_var.o(.data)
    bijiao                                   0x20000080   Data          39  oled.o(.data)
    flagi                                    0x200000a8   Data           4  oled.o(.data)
    rightcode                                0x200000ac   Data           5  oled.o(.data)
    code                                     0x200000b1   Data           4  oled.o(.data)
    choosetime                               0x200000b8   Data           4  oled.o(.data)
    result                                   0x200000bc   Data           1  oled.o(.data)
    rfidrow                                  0x200000bd   Data           1  oled.o(.data)
    lcd_buf_batt0                            0x200000be   Data          64  oled.o(.data)
    lcd_buf_batt1                            0x200000fe   Data          64  oled.o(.data)
    lcd_buf_batt2                            0x2000013e   Data          64  oled.o(.data)
    lcd_buf_batt3                            0x2000017e   Data          64  oled.o(.data)
    lcd_buf_signal                           0x200001be   Data          64  oled.o(.data)
    lcd_buf_nosignal                         0x200001fe   Data          64  oled.o(.data)
    MIMA                                     0x20000240   Data         480  oled.o(.data)
    f_CurSel                                 0x20000420   Data           1  oled.o(.data)
    g_State                                  0x20000421   Data           1  oled.o(.data)
    KeyNum                                   0x20000422   Data           1  oled.o(.data)
    zuming                                   0x20000423   Data           8  oled.o(.data)
    zuming1                                  0x2000042b   Data           2  oled.o(.data)
    zuming2                                  0x2000042d   Data           2  oled.o(.data)
    zuming3                                  0x2000042f   Data           2  oled.o(.data)
    zuming4                                  0x20000431   Data           2  oled.o(.data)
    g_WaitTimeOut                            0x20000433   Data           1  oled.o(.data)
    Lock_number                              0x20000434   Data           4  oled.o(.data)
    __stdout                                 0x20000438   Data           4  stdout.o(.data)
    m_TS                                     0x2000043c   Data          36  timer.o(.bss)
    TIM_TimeBaseStructure                    0x20000460   Data          10  timer.o(.bss)
    TIM_OCInitStructure                      0x2000046a   Data          16  timer.o(.bss)
    TIM_BDTRInitStructure                    0x2000047a   Data          14  timer.o(.bss)
    OLED_GRAM                                0x20000488   Data        1024  oled.o(.bss)
    lcd_buf2                                 0x20000888   Data          15  oled.o(.bss)
    SPI_FLASH_BUF                            0x20000897   Data        4096  flash.o(.bss)
    __initial_sp                             0x20001c98   Data           0  startup_stm32f10x_hd.o(STACK)



==============================================================================

Memory Map of the image

  Image Entry point : 0x08000131

  Load Region LR_IROM1 (Base: 0x08000000, Size: 0x000060cc, Max: 0x00040000, ABSOLUTE, COMPRESSED[0x00005d4c])

    Execution Region ER_IROM1 (Base: 0x08000000, Size: 0x00005c90, Max: 0x00040000, ABSOLUTE)

    Base Addr    Size         Type   Attr      Idx    E Section Name        Object

    0x08000000   0x00000130   Data   RO         1883    RESET               startup_stm32f10x_hd.o
    0x08000130   0x00000000   Code   RO         2471  * .ARM.Collect$$$$00000000  mc_w.l(entry.o)
    0x08000130   0x00000004   Code   RO         2743    .ARM.Collect$$$$00000001  mc_w.l(entry2.o)
    0x08000134   0x00000004   Code   RO         2746    .ARM.Collect$$$$00000004  mc_w.l(entry5.o)
    0x08000138   0x00000000   Code   RO         2748    .ARM.Collect$$$$00000008  mc_w.l(entry7b.o)
    0x08000138   0x00000008   Code   RO         2749    .ARM.Collect$$$$00000009  mc_w.l(entry8.o)
    0x08000140   0x00000004   Code   RO         2744    .ARM.Collect$$$$00002712  mc_w.l(entry2.o)
    0x08000144   0x00000080   Code   RO            1    .text               misc.o
    0x080001c4   0x0000011a   Code   RO           91    .text               stm32f10x_gpio.o
    0x080002de   0x00000002   PAD
    0x080002e0   0x00000194   Code   RO          193    .text               stm32f10x_rcc.o
    0x08000474   0x00000254   Code   RO          356    .text               stm32f10x_tim.o
    0x080006c8   0x00000022   Code   RO          866    .text               stm32f10x_usart.o
    0x080006ea   0x00000054   Code   RO         1082    .text               stm32f10x_spi.o
    0x0800073e   0x00000002   PAD
    0x08000740   0x000000ac   Code   RO         1393    .text               stm32f10x_rtc.o
    0x080007ec   0x00000010   Code   RO         1450    .text               stm32f10x_iwdg.o
    0x080007fc   0x0000001c   Code   RO         1495    .text               stm32f10x_bkp.o
    0x08000818   0x0000000c   Code   RO         1562    .text               stm32f10x_pwr.o
    0x08000824   0x0000012c   Code   RO         1857    .text               system_stm32f10x.o
    0x08000950   0x00000024   Code   RO         1884    .text               startup_stm32f10x_hd.o
    0x08000974   0x000001dc   Code   RO         1888    .text               app.o
    0x08000b50   0x000000b4   Code   RO         1984    .text               delay.o
    0x08000c04   0x00000058   Code   RO         2016    .text               nvic.o
    0x08000c5c   0x00000024   Code   RO         2035    .text               usart.o
    0x08000c80   0x00000194   Code   RO         2071    .text               timer.o
    0x08000e14   0x000000c8   Code   RO         2144    .text               sw-key.o
    0x08000edc   0x0000015a   Code   RO         2172    .text               rtc_time.o
    0x08001036   0x00000002   PAD
    0x08001038   0x00001508   Code   RO         2278    .text               oled.o
    0x08002540   0x000002c0   Code   RO         2380    .text               flash.o
    0x08002800   0x000000f4   Code   RO         2425    .text               spi.o
    0x080028f4   0x0000001c   Code   RO         2476    .text               mc_w.l(strcmp.o)
    0x08002910   0x00000012   Code   RO         2478    .text               mc_w.l(strcpy.o)
    0x08002922   0x0000002c   Code   RO         2751    .text               mc_w.l(uidiv.o)
    0x0800294e   0x00000002   PAD
    0x08002950   0x00000024   Code   RO         2766    .text               mc_w.l(init.o)
    0x08002974   0x0000005c   Code   RO         2784    .text               mc_w.l(__dczerorl2.o)
    0x080029d0   0x00000020   Code   RO         2527    i.__0printf$1       mc_w.l(printf1.o)
    0x080029f0   0x0000000e   Code   RO         2778    i.__scatterload_copy  mc_w.l(handlers.o)
    0x080029fe   0x00000002   Code   RO         2779    i.__scatterload_null  mc_w.l(handlers.o)
    0x08002a00   0x0000000e   Code   RO         2780    i.__scatterload_zeroinit  mc_w.l(handlers.o)
    0x08002a0e   0x00000002   PAD
    0x08002a10   0x00000154   Code   RO         2534    i._printf_core      mc_w.l(printf1.o)
    0x08002b64   0x00000013   Data   RO         1892    .constdata          app.o
    0x08002b77   0x00000001   PAD
    0x08002b78   0x000030f8   Data   RO         2290    .constdata          oled.o
    0x08005c70   0x00000020   Data   RO         2776    Region$$Table       anon$$obj.o


    Execution Region RW_IRAM1 (Base: 0x20000000, Size: 0x00001c98, Max: 0x0000c000, ABSOLUTE, COMPRESSED[0x000000bc])

    Base Addr    Size         Type   Attr      Idx    E Section Name        Object

    0x20000000   0x00000014   Data   RW          216    .data               stm32f10x_rcc.o
    0x20000014   0x0000005d   Data   RW         1893    .data               app.o
    0x20000071   0x00000001   Data   RW         2078    .data               timer.o
    0x20000072   0x00000001   Data   RW         2147    .data               sw-key.o
    0x20000073   0x0000000d   Data   RW         2229    .data               globle_var.o
    0x20000080   0x000003b8   Data   RW         2291    .data               oled.o
    0x20000438   0x00000004   Data   RW         2750    .data               mc_w.l(stdout.o)
    0x2000043c   0x0000004c   Zero   RW         2077    .bss                timer.o
    0x20000488   0x0000040f   Zero   RW         2289    .bss                oled.o
    0x20000897   0x00001000   Zero   RW         2386    .bss                flash.o
    0x20001897   0x00000001   PAD
    0x20001898   0x00000400   Zero   RW         1881    STACK               startup_stm32f10x_hd.o


==============================================================================

Image component sizes


      Code (inc. data)   RO Data    RW Data    ZI Data      Debug   Object Name

       476        206         19         93          0       3414   app.o
         0          0          0          0          0       1188   bsp.o
         0          0          0          0          0         32   core_cm3.o
       180         10          0          0          0      16116   delay.o
       704         30          0          0       4096       3229   flash.o
         0          0          0         13          0        745   globle_var.o
       128         16          0          0          0     259321   misc.o
        88          0          0          0          0        489   nvic.o
      5384        228      12536        952       1039      15029   oled.o
       346          0          0          0          0       1198   rtc_time.o
       244         16          0          0          0        731   spi.o
        36          8        304          0       1024        756   startup_stm32f10x_hd.o
        28          6          0          0          0       1825   stm32f10x_bkp.o
       282          0          0          0          0       2348   stm32f10x_gpio.o
        16          6          0          0          0        469   stm32f10x_iwdg.o
        12          6          0          0          0        506   stm32f10x_pwr.o
       404         28          0         20          0       4647   stm32f10x_rcc.o
       172          4          0          0          0       1505   stm32f10x_rtc.o
        84          0          0          0          0       1775   stm32f10x_spi.o
       596         20          0          0          0       3648   stm32f10x_tim.o
        34          0          0          0          0       2277   stm32f10x_usart.o
       200         10          0          1          0       1232   sw-key.o
       300         22          0          0          0       1181   system_stm32f10x.o
       404         12          0          1         76       3418   timer.o
        36          4          0          0          0        492   usart.o

    ----------------------------------------------------------------------
     10160        632      12892       1080       6236     327571   Object Totals
         0          0         32          0          0          0   (incl. Generated)
         6          0          1          0          1          0   (incl. Padding)

    ----------------------------------------------------------------------

      Code (inc. data)   RO Data    RW Data    ZI Data      Debug   Library Member Name

        92          0          0          0          0          0   __dczerorl2.o
         0          0          0          0          0          0   entry.o
         8          4          0          0          0          0   entry2.o
         4          0          0          0          0          0   entry5.o
         0          0          0          0          0          0   entry7b.o
         8          4          0          0          0          0   entry8.o
        30          0          0          0          0          0   handlers.o
        36          8          0          0          0         68   init.o
       372         16          0          0          0        180   printf1.o
         0          0          0          4          0          0   stdout.o
        28          0          0          0          0         76   strcmp.o
        18          0          0          0          0         68   strcpy.o
        44          0          0          0          0         80   uidiv.o

    ----------------------------------------------------------------------
       644         32          0          4          0        472   Library Totals
         4          0          0          0          0          0   (incl. Padding)

    ----------------------------------------------------------------------

      Code (inc. data)   RO Data    RW Data    ZI Data      Debug   Library Name

       640         32          0          4          0        472   mc_w.l

    ----------------------------------------------------------------------
       644         32          0          4          0        472   Library Totals

    ----------------------------------------------------------------------

==============================================================================


      Code (inc. data)   RO Data    RW Data    ZI Data      Debug   

     10804        664      12892       1084       6236     326171   Grand Totals
     10804        664      12892        188       6236     326171   ELF Image Totals (compressed)
     10804        664      12892        188          0          0   ROM Totals

==============================================================================

    Total RO  Size (Code + RO Data)                23696 (  23.14kB)
    Total RW  Size (RW Data + ZI Data)              7320 (   7.15kB)
    Total ROM Size (Code + RO Data + RW Data)      23884 (  23.32kB)

==============================================================================

